// Jest Snapshot v1, https://goo.gl/fbAQLP

exports[`renders correctly 1`] = `
<main
  class="main"
  data-testid="account"
>
  <div
    class="content"
  >
    <h1>
      Account
    </h1>
    <div
      class="username-blurb"
    >
      Your username is 
      <span
        class="username"
      />
    </div>
    <h2
      class="reset-text"
    >
      Create New Password
    </h2>
    <form
      class="form"
    >
      <div
        class="input-and-error-container"
        data-testid="text-input"
      >
        <div
          class="input-and-label-container"
        >
          <div
            class="input-container"
          >
            <input
              class="input"
              id="currentPassword"
              name="currentPassword"
              type="password"
              value=""
            />
            <svg
              aria-hidden="false"
              aria-label="Show Current Password"
              class="eye"
              fill="currentColor"
              tabindex="0"
              viewBox="0 0 20 20"
              xmlns="http://www.w3.org/2000/svg"
            >
              <path
                d="M10 12.5a2.5 2.5 0 100-5 2.5 2.5 0 000 5z"
              />
              <path
                clip-rule="evenodd"
                d="M.664 10.59a1.651 1.651 0 010-1.186A10.004 10.004 0 0110 3c4.257 0 7.893 2.66 9.336 6.41.147.381.146.804 0 1.186A10.004 10.004 0 0110 17c-4.257 0-7.893-2.66-9.336-6.41zM14 10a4 4 0 11-8 0 4 4 0 018 0z"
                fill-rule="evenodd"
              />
            </svg>
          </div>
          <label
            class="label"
            for="currentPassword"
          >
            Current Password
          </label>
        </div>
      </div>
      <div
        class="input-and-error-container"
        data-testid="text-input"
      >
        <div
          class="input-and-label-container"
        >
          <div
            class="input-container"
          >
            <input
              class="input"
              id="newPassword"
              name="newPassword"
              type="password"
              value=""
            />
            <svg
              aria-hidden="false"
              aria-label="Show New Password"
              class="eye"
              fill="currentColor"
              tabindex="0"
              viewBox="0 0 20 20"
              xmlns="http://www.w3.org/2000/svg"
            >
              <path
                d="M10 12.5a2.5 2.5 0 100-5 2.5 2.5 0 000 5z"
              />
              <path
                clip-rule="evenodd"
                d="M.664 10.59a1.651 1.651 0 010-1.186A10.004 10.004 0 0110 3c4.257 0 7.893 2.66 9.336 6.41.147.381.146.804 0 1.186A10.004 10.004 0 0110 17c-4.257 0-7.893-2.66-9.336-6.41zM14 10a4 4 0 11-8 0 4 4 0 018 0z"
                fill-rule="evenodd"
              />
            </svg>
          </div>
          <label
            class="label"
            for="newPassword"
          >
            New Password
          </label>
        </div>
        <div
          class="container"
          data-testid="container"
        >
          <div
            class="validator no-match"
          >
            <svg
              aria-hidden="true"
              class="icon x"
              fill="currentColor"
              viewBox="0 0 24 24"
              xmlns="http://www.w3.org/2000/svg"
            >
              <path
                clip-rule="evenodd"
                d="M3.97 3.97a.75.75 0 011.06 0L12 10.94l6.97-6.97a.75.75 0 111.06 1.06L13.06 12l6.97 6.97a.75.75 0 11-1.06 1.06L12 13.06l-6.97 6.97a.75.75 0 01-1.06-1.06L10.94 12 3.97 5.03a.75.75 0 010-1.06z"
                fill-rule="evenodd"
              />
            </svg>
             
            At least 8 characters long
          </div>
          <div
            class="validator no-match"
          >
            <svg
              aria-hidden="true"
              class="icon x"
              fill="currentColor"
              viewBox="0 0 24 24"
              xmlns="http://www.w3.org/2000/svg"
            >
              <path
                clip-rule="evenodd"
                d="M3.97 3.97a.75.75 0 011.06 0L12 10.94l6.97-6.97a.75.75 0 111.06 1.06L13.06 12l6.97 6.97a.75.75 0 11-1.06 1.06L12 13.06l-6.97 6.97a.75.75 0 01-1.06-1.06L10.94 12 3.97 5.03a.75.75 0 010-1.06z"
                fill-rule="evenodd"
              />
            </svg>
             
            At least 1 lowercase letter
          </div>
          <div
            class="validator no-match"
          >
            <svg
              aria-hidden="true"
              class="icon x"
              fill="currentColor"
              viewBox="0 0 24 24"
              xmlns="http://www.w3.org/2000/svg"
            >
              <path
                clip-rule="evenodd"
                d="M3.97 3.97a.75.75 0 011.06 0L12 10.94l6.97-6.97a.75.75 0 111.06 1.06L13.06 12l6.97 6.97a.75.75 0 11-1.06 1.06L12 13.06l-6.97 6.97a.75.75 0 01-1.06-1.06L10.94 12 3.97 5.03a.75.75 0 010-1.06z"
                fill-rule="evenodd"
              />
            </svg>
             
            At least 1 uppercase letter
          </div>
          <div
            class="validator no-match"
          >
            <svg
              aria-hidden="true"
              class="icon x"
              fill="currentColor"
              viewBox="0 0 24 24"
              xmlns="http://www.w3.org/2000/svg"
            >
              <path
                clip-rule="evenodd"
                d="M3.97 3.97a.75.75 0 011.06 0L12 10.94l6.97-6.97a.75.75 0 111.06 1.06L13.06 12l6.97 6.97a.75.75 0 11-1.06 1.06L12 13.06l-6.97 6.97a.75.75 0 01-1.06-1.06L10.94 12 3.97 5.03a.75.75 0 010-1.06z"
                fill-rule="evenodd"
              />
            </svg>
             
            At least 1 number
          </div>
          <div
            class="validator no-match"
          >
            <svg
              aria-hidden="true"
              class="icon x"
              fill="currentColor"
              viewBox="0 0 24 24"
              xmlns="http://www.w3.org/2000/svg"
            >
              <path
                clip-rule="evenodd"
                d="M3.97 3.97a.75.75 0 011.06 0L12 10.94l6.97-6.97a.75.75 0 111.06 1.06L13.06 12l6.97 6.97a.75.75 0 11-1.06 1.06L12 13.06l-6.97 6.97a.75.75 0 01-1.06-1.06L10.94 12 3.97 5.03a.75.75 0 010-1.06z"
                fill-rule="evenodd"
              />
            </svg>
             
            At least 1 special character
          </div>
        </div>
      </div>
      <div
        class="input-and-error-container"
        data-testid="text-input"
      >
        <div
          class="input-and-label-container"
        >
          <div
            class="input-container"
          >
            <input
              class="input"
              id="confirmPassword"
              name="confirmPassword"
              type="password"
              value=""
            />
            <svg
              aria-hidden="false"
              aria-label="Show Confirm Password"
              class="eye"
              fill="currentColor"
              tabindex="0"
              viewBox="0 0 20 20"
              xmlns="http://www.w3.org/2000/svg"
            >
              <path
                d="M10 12.5a2.5 2.5 0 100-5 2.5 2.5 0 000 5z"
              />
              <path
                clip-rule="evenodd"
                d="M.664 10.59a1.651 1.651 0 010-1.186A10.004 10.004 0 0110 3c4.257 0 7.893 2.66 9.336 6.41.147.381.146.804 0 1.186A10.004 10.004 0 0110 17c-4.257 0-7.893-2.66-9.336-6.41zM14 10a4 4 0 11-8 0 4 4 0 018 0z"
                fill-rule="evenodd"
              />
            </svg>
          </div>
          <label
            class="label"
            for="confirmPassword"
          >
            Confirm Password
          </label>
        </div>
      </div>
      <div
        style="margin-top: 1rem;"
      >
        <button
          class="button positive"
          style="font-size: 1.3rem; padding: 1rem; margin: 0.25rem;"
          type="submit"
        >
          Create new password
        </button>
      </div>
    </form>
  </div>
</main>
`;
