// Jest Snapshot v1, https://goo.gl/fbAQLP

exports[`renders correctly default 1`] = `
<div
  class="container"
  data-testid="spells-selector"
>
  <div
    class="text"
  >
    0
    /
    5
     
    cantrip
    s selected
  </div>
  <div
    class="filter-bar"
  >
    <div
      class="search-container"
    >
      <input
        aria-label="Search cantrips"
        class="search"
        placeholder="Search cantrips"
        value=""
      />
      <svg
        aria-hidden="true"
        class="search-icon"
        fill="currentColor"
        viewBox="0 0 20 20"
        xmlns="http://www.w3.org/2000/svg"
      >
        <path
          clip-rule="evenodd"
          d="M9 3.5a5.5 5.5 0 100 11 5.5 5.5 0 000-11zM2 9a7 7 0 1112.452 4.391l3.328 3.329a.75.75 0 11-1.06 1.06l-3.329-3.328A7 7 0 012 9z"
          fill-rule="evenodd"
        />
      </svg>
    </div>
    <div
      class="selects"
    >
      <div
        class="select-container"
      >
        <label
          class="select-label"
          id="school-select"
        >
          School
        </label>
         
        <div
          aria-labelledby="school-select"
          class="container"
          data-testid="select"
          style="font-size: 1.2rem;"
        >
          <button
            aria-expanded="false"
            aria-haspopup="listbox"
            class="button"
            data-testid="select-button"
            type="button"
          >
            —
            <svg
              aria-hidden="true"
              class="icon"
              fill="currentColor"
              viewBox="0 0 24 24"
              xmlns="http://www.w3.org/2000/svg"
            >
              <path
                clip-rule="evenodd"
                d="M12.53 16.28a.75.75 0 01-1.06 0l-7.5-7.5a.75.75 0 011.06-1.06L12 14.69l6.97-6.97a.75.75 0 111.06 1.06l-7.5 7.5z"
                fill-rule="evenodd"
              />
            </svg>
          </button>
          <ul
            aria-activedescendant="—"
            class="list"
            data-testid="select-list"
            role="listbox"
            style="display: none;"
            tabindex="-1"
          >
            <li
              aria-selected="true"
              class="item selected"
              data-testid="data-blank"
              role="option"
              tabindex="0"
            >
              —
            </li>
            <li
              aria-selected="false"
              class="item"
              data-testid="data-divination"
              role="option"
              tabindex="0"
            >
              Divination
            </li>
            <li
              aria-selected="false"
              class="item"
              data-testid="data-evocation"
              role="option"
              tabindex="0"
            >
              Evocation
            </li>
            <li
              aria-selected="false"
              class="item"
              data-testid="data-transmutation"
              role="option"
              tabindex="0"
            >
              Transmutation
            </li>
            <li
              aria-selected="false"
              class="item"
              data-testid="data-enchantment"
              role="option"
              tabindex="0"
            >
              Enchantment
            </li>
            <li
              aria-selected="false"
              class="item"
              data-testid="data-illusion"
              role="option"
              tabindex="0"
            >
              Illusion
            </li>
          </ul>
        </div>
      </div>
      <div
        class="select-container"
      >
        <label
          class="select-label"
        >
          Only Show Selected
        </label>
         
        <div
          aria-checked="false"
          aria-label="Only Show Selected"
          class="checkbox"
          role="checkbox"
          tabindex="0"
        />
      </div>
    </div>
  </div>
  <div
    class="spells-container"
  >
    <div
      class="selector"
      data-testid="spell-selector"
    >
      <div
        aria-label="True Strike"
        class="selector-label"
        role="button"
        tabindex="0"
      >
        <div
          class="label-name-container"
        >
          <svg
            class="label-icon"
          >
            <use
              xlink:href="/Icons.svg#divination"
            />
          </svg>
          True Strike
        </div>
        <svg
          aria-hidden="true"
          class="label-icon"
          fill="currentColor"
          viewBox="0 0 20 20"
          xmlns="http://www.w3.org/2000/svg"
        >
          <path
            clip-rule="evenodd"
            d="M5.23 7.21a.75.75 0 011.06.02L10 11.168l3.71-3.938a.75.75 0 111.08 1.04l-4.25 4.5a.75.75 0 01-1.08 0l-4.25-4.5a.75.75 0 01.02-1.06z"
            fill-rule="evenodd"
          />
        </svg>
      </div>
      <div
        class="selector-display"
        style="display: none;"
      >
        <div
          class="summary"
        >
          <div
            class="summary-item"
          >
            <span
              class="summary-item-label"
            >
              Level
            </span>
            :
             
            Cantrip
          </div>
          <div
            class="summary-item"
          >
            <span
              class="summary-item-label"
            >
              Casting time
            </span>
            :
             
            1 action
          </div>
          <div
            class="summary-item"
          >
            <span
              class="summary-item-label"
            >
              Duration
            </span>
            :
             
            1 hour
          </div>
          <div
            class="summary-item"
          >
            <span
              class="summary-item-label"
            >
              Range
            </span>
            :
             
            30 feet
          </div>
          <div
            class="summary-item"
          >
            <span
              class="summary-item-label"
            >
              School
            </span>
            :
             
            Divination
          </div>
          <div
            class="summary-item"
          >
            <span
              class="summary-item-label"
            >
              Components
            </span>
            :
             
            S
          </div>
        </div>
        <div
          class="description"
        >
          <p
            style="text-indent: 0.7rem;"
          >
            You extend your hand and point a finger at a target in range. Your magic grants you a brief insight into the target's defenses. On your next turn, you gain advantage on your first attack roll against the target, provided that this spell hasn't ended.
          </p>
        </div>
        <div
          class="other"
        >
          <p
            class="other-info"
          >
            Requires concentration.
          </p>
        </div>
        <div
          class="buttons"
        >
          <button
            class="button positive"
            style="font-size: 1.3rem; padding: 1rem; margin: 0.25rem;"
            type="button"
          >
            Add
          </button>
          <button
            class="button negative"
            disabled=""
            style="font-size: 1.3rem; padding: 1rem; margin: 0.25rem;"
            type="button"
          >
            Remove
          </button>
        </div>
      </div>
    </div>
    <div
      class="selector"
      data-testid="spell-selector"
    >
      <div
        aria-label="Light"
        class="selector-label"
        role="button"
        tabindex="0"
      >
        <div
          class="label-name-container"
        >
          <svg
            class="label-icon"
          >
            <use
              xlink:href="/Icons.svg#evocation"
            />
          </svg>
          Light
        </div>
        <svg
          aria-hidden="true"
          class="label-icon"
          fill="currentColor"
          viewBox="0 0 20 20"
          xmlns="http://www.w3.org/2000/svg"
        >
          <path
            clip-rule="evenodd"
            d="M5.23 7.21a.75.75 0 011.06.02L10 11.168l3.71-3.938a.75.75 0 111.08 1.04l-4.25 4.5a.75.75 0 01-1.08 0l-4.25-4.5a.75.75 0 01.02-1.06z"
            fill-rule="evenodd"
          />
        </svg>
      </div>
      <div
        class="selector-display"
        style="display: none;"
      >
        <div
          class="summary"
        >
          <div
            class="summary-item"
          >
            <span
              class="summary-item-label"
            >
              Level
            </span>
            :
             
            Cantrip
          </div>
          <div
            class="summary-item"
          >
            <span
              class="summary-item-label"
            >
              Casting time
            </span>
            :
             
            1 action
          </div>
          <div
            class="summary-item"
          >
            <span
              class="summary-item-label"
            >
              Duration
            </span>
            :
             
            1 hour
          </div>
          <div
            class="summary-item"
          >
            <span
              class="summary-item-label"
            >
              Range
            </span>
            :
             
            Touch
          </div>
          <div
            class="summary-item"
          >
            <span
              class="summary-item-label"
            >
              School
            </span>
            :
             
            Evocation
          </div>
          <div
            class="summary-item"
          >
            <span
              class="summary-item-label"
            >
              Components
            </span>
            :
             
            V, M
             (A firefly or phosphorescent moss.)
          </div>
        </div>
        <div
          class="description"
        >
          <p
            style="text-indent: 0.7rem;"
          >
            You touch one object that is no larger than 10 feet in any dimension. Until the spell ends, the object sheds bright light in a 20-foot radius and dim light for an additional 20 feet. The light can be colored as you like. Completely covering the object with something opaque blocks the light. The spell ends if you cast it again or dismiss it as an action.
          </p>
          

          <p
            style="text-indent: 0.7rem;"
          >
            If you target an object held or worn by a hostile creature, that creature must succeed on a dexterity saving throw to avoid the spell.
          </p>
        </div>
        <div
          class="other"
        />
        <div
          class="buttons"
        >
          <button
            class="button positive"
            style="font-size: 1.3rem; padding: 1rem; margin: 0.25rem;"
            type="button"
          >
            Add
          </button>
          <button
            class="button negative"
            disabled=""
            style="font-size: 1.3rem; padding: 1rem; margin: 0.25rem;"
            type="button"
          >
            Remove
          </button>
        </div>
      </div>
    </div>
    <div
      class="selector"
      data-testid="spell-selector"
    >
      <div
        aria-label="Mending"
        class="selector-label"
        role="button"
        tabindex="0"
      >
        <div
          class="label-name-container"
        >
          <svg
            class="label-icon"
          >
            <use
              xlink:href="/Icons.svg#transmutation"
            />
          </svg>
          Mending
        </div>
        <svg
          aria-hidden="true"
          class="label-icon"
          fill="currentColor"
          viewBox="0 0 20 20"
          xmlns="http://www.w3.org/2000/svg"
        >
          <path
            clip-rule="evenodd"
            d="M5.23 7.21a.75.75 0 011.06.02L10 11.168l3.71-3.938a.75.75 0 111.08 1.04l-4.25 4.5a.75.75 0 01-1.08 0l-4.25-4.5a.75.75 0 01.02-1.06z"
            fill-rule="evenodd"
          />
        </svg>
      </div>
      <div
        class="selector-display"
        style="display: none;"
      >
        <div
          class="summary"
        >
          <div
            class="summary-item"
          >
            <span
              class="summary-item-label"
            >
              Level
            </span>
            :
             
            Cantrip
          </div>
          <div
            class="summary-item"
          >
            <span
              class="summary-item-label"
            >
              Casting time
            </span>
            :
             
            1 minute
          </div>
          <div
            class="summary-item"
          >
            <span
              class="summary-item-label"
            >
              Duration
            </span>
            :
             
            1 hour
          </div>
          <div
            class="summary-item"
          >
            <span
              class="summary-item-label"
            >
              Range
            </span>
            :
             
            Touch
          </div>
          <div
            class="summary-item"
          >
            <span
              class="summary-item-label"
            >
              School
            </span>
            :
             
            Transmutation
          </div>
          <div
            class="summary-item"
          >
            <span
              class="summary-item-label"
            >
              Components
            </span>
            :
             
            V, S, M
             (Two lodestones.)
          </div>
        </div>
        <div
          class="description"
        >
          <p
            style="text-indent: 0.7rem;"
          >
            This spell repairs a single break or tear in an object you touch, such as a broken key, a torn cloak, or a leaking wineskin. As long as the break or tear is no longer than 1 foot in any dimension, you mend it, leaving no trace of the former damage.
          </p>
          

          <p
            style="text-indent: 0.7rem;"
          >
            This spell can physically repair a magic item or construct, but the spell can't restore magic to such an object.
          </p>
        </div>
        <div
          class="other"
        />
        <div
          class="buttons"
        >
          <button
            class="button positive"
            style="font-size: 1.3rem; padding: 1rem; margin: 0.25rem;"
            type="button"
          >
            Add
          </button>
          <button
            class="button negative"
            disabled=""
            style="font-size: 1.3rem; padding: 1rem; margin: 0.25rem;"
            type="button"
          >
            Remove
          </button>
        </div>
      </div>
    </div>
    <div
      class="selector"
      data-testid="spell-selector"
    >
      <div
        aria-label="Message"
        class="selector-label"
        role="button"
        tabindex="0"
      >
        <div
          class="label-name-container"
        >
          <svg
            class="label-icon"
          >
            <use
              xlink:href="/Icons.svg#transmutation"
            />
          </svg>
          Message
        </div>
        <svg
          aria-hidden="true"
          class="label-icon"
          fill="currentColor"
          viewBox="0 0 20 20"
          xmlns="http://www.w3.org/2000/svg"
        >
          <path
            clip-rule="evenodd"
            d="M5.23 7.21a.75.75 0 011.06.02L10 11.168l3.71-3.938a.75.75 0 111.08 1.04l-4.25 4.5a.75.75 0 01-1.08 0l-4.25-4.5a.75.75 0 01.02-1.06z"
            fill-rule="evenodd"
          />
        </svg>
      </div>
      <div
        class="selector-display"
        style="display: none;"
      >
        <div
          class="summary"
        >
          <div
            class="summary-item"
          >
            <span
              class="summary-item-label"
            >
              Level
            </span>
            :
             
            Cantrip
          </div>
          <div
            class="summary-item"
          >
            <span
              class="summary-item-label"
            >
              Casting time
            </span>
            :
             
            1 action
          </div>
          <div
            class="summary-item"
          >
            <span
              class="summary-item-label"
            >
              Duration
            </span>
            :
             
            1 hour
          </div>
          <div
            class="summary-item"
          >
            <span
              class="summary-item-label"
            >
              Range
            </span>
            :
             
            120 feet
          </div>
          <div
            class="summary-item"
          >
            <span
              class="summary-item-label"
            >
              School
            </span>
            :
             
            Transmutation
          </div>
          <div
            class="summary-item"
          >
            <span
              class="summary-item-label"
            >
              Components
            </span>
            :
             
            V, S, M
             (A short piece of copper wire.)
          </div>
        </div>
        <div
          class="description"
        >
          <p
            style="text-indent: 0.7rem;"
          >
            You point your finger toward a creature within range and whisper a message. The target (and only the target) hears the message and can reply in a whisper that only you can hear.
          </p>
          

          <p
            style="text-indent: 0.7rem;"
          >
            You can cast this spell through solid objects if you are familiar with the target and know it is beyond the barrier. Magical silence, 1 foot of stone, 1 inch of common metal, a thin sheet of lead, or 3 feet of wood blocks the spell. The spell doesn't have to follow a straight line and can travel freely around corners or through openings.
          </p>
        </div>
        <div
          class="other"
        />
        <div
          class="buttons"
        >
          <button
            class="button positive"
            style="font-size: 1.3rem; padding: 1rem; margin: 0.25rem;"
            type="button"
          >
            Add
          </button>
          <button
            class="button negative"
            disabled=""
            style="font-size: 1.3rem; padding: 1rem; margin: 0.25rem;"
            type="button"
          >
            Remove
          </button>
        </div>
      </div>
    </div>
    <div
      class="selector"
      data-testid="spell-selector"
    >
      <div
        aria-label="Vicious Mockery"
        class="selector-label"
        role="button"
        tabindex="0"
      >
        <div
          class="label-name-container"
        >
          <svg
            class="label-icon"
          >
            <use
              xlink:href="/Icons.svg#enchantment"
            />
          </svg>
          Vicious Mockery
        </div>
        <svg
          aria-hidden="true"
          class="label-icon"
          fill="currentColor"
          viewBox="0 0 20 20"
          xmlns="http://www.w3.org/2000/svg"
        >
          <path
            clip-rule="evenodd"
            d="M5.23 7.21a.75.75 0 011.06.02L10 11.168l3.71-3.938a.75.75 0 111.08 1.04l-4.25 4.5a.75.75 0 01-1.08 0l-4.25-4.5a.75.75 0 01.02-1.06z"
            fill-rule="evenodd"
          />
        </svg>
      </div>
      <div
        class="selector-display"
        style="display: none;"
      >
        <div
          class="summary"
        >
          <div
            class="summary-item"
          >
            <span
              class="summary-item-label"
            >
              Level
            </span>
            :
             
            Cantrip
          </div>
          <div
            class="summary-item"
          >
            <span
              class="summary-item-label"
            >
              Casting time
            </span>
            :
             
            1 action
          </div>
          <div
            class="summary-item"
          >
            <span
              class="summary-item-label"
            >
              Duration
            </span>
            :
             
            1 hour
          </div>
          <div
            class="summary-item"
          >
            <span
              class="summary-item-label"
            >
              Range
            </span>
            :
             
            60 feet
          </div>
          <div
            class="summary-item"
          >
            <span
              class="summary-item-label"
            >
              School
            </span>
            :
             
            Enchantment
          </div>
          <div
            class="summary-item"
          >
            <span
              class="summary-item-label"
            >
              Components
            </span>
            :
             
            V
          </div>
        </div>
        <div
          class="description"
        >
          <p
            style="text-indent: 0.7rem;"
          >
            You unleash a string of insults laced with subtle enchantments at a creature you can see within range. If the target can hear you (though it need not understand you), it must succeed on a wisdom saving throw or take 1d4 psychic damage and have disadvantage on the next attack roll it makes before the end of its next turn.
          </p>
          

          <p
            style="text-indent: 0.7rem;"
          >
            This spell's damage increases by 1d4 when you reach 5th level (2d4), 11th level (3d4), and 17th level (4d4).
          </p>
        </div>
        <div
          class="other"
        >
          <div
            class="damage-display"
          >
            <div>
              <span
                class="summary-item-label"
              >
                Damage type
              </span>
              : 
              Psychic
            </div>
            <svg
              class="damage-icon"
            >
              <use
                xlink:href="/Icons.svg#psychic"
              />
            </svg>
          </div>
        </div>
        <div
          class="buttons"
        >
          <button
            class="button positive"
            style="font-size: 1.3rem; padding: 1rem; margin: 0.25rem;"
            type="button"
          >
            Add
          </button>
          <button
            class="button negative"
            disabled=""
            style="font-size: 1.3rem; padding: 1rem; margin: 0.25rem;"
            type="button"
          >
            Remove
          </button>
        </div>
      </div>
    </div>
    <div
      class="selector"
      data-testid="spell-selector"
    >
      <div
        aria-label="Minor Illusion"
        class="selector-label"
        role="button"
        tabindex="0"
      >
        <div
          class="label-name-container"
        >
          <svg
            class="label-icon"
          >
            <use
              xlink:href="/Icons.svg#illusion"
            />
          </svg>
          Minor Illusion
        </div>
        <svg
          aria-hidden="true"
          class="label-icon"
          fill="currentColor"
          viewBox="0 0 20 20"
          xmlns="http://www.w3.org/2000/svg"
        >
          <path
            clip-rule="evenodd"
            d="M5.23 7.21a.75.75 0 011.06.02L10 11.168l3.71-3.938a.75.75 0 111.08 1.04l-4.25 4.5a.75.75 0 01-1.08 0l-4.25-4.5a.75.75 0 01.02-1.06z"
            fill-rule="evenodd"
          />
        </svg>
      </div>
      <div
        class="selector-display"
        style="display: none;"
      >
        <div
          class="summary"
        >
          <div
            class="summary-item"
          >
            <span
              class="summary-item-label"
            >
              Level
            </span>
            :
             
            Cantrip
          </div>
          <div
            class="summary-item"
          >
            <span
              class="summary-item-label"
            >
              Casting time
            </span>
            :
             
            1 action
          </div>
          <div
            class="summary-item"
          >
            <span
              class="summary-item-label"
            >
              Duration
            </span>
            :
             
            1 hour
          </div>
          <div
            class="summary-item"
          >
            <span
              class="summary-item-label"
            >
              Range
            </span>
            :
             
            30 feet
          </div>
          <div
            class="summary-item"
          >
            <span
              class="summary-item-label"
            >
              School
            </span>
            :
             
            Illusion
          </div>
          <div
            class="summary-item"
          >
            <span
              class="summary-item-label"
            >
              Components
            </span>
            :
             
            S, M
             (A bit of fleece.)
          </div>
        </div>
        <div
          class="description"
        >
          <p
            style="text-indent: 0.7rem;"
          >
            You create a sound or an image of an object within range that lasts for the duration. The illusion also ends if you dismiss it as an action or cast this spell again.
          </p>
          

          <p
            style="text-indent: 0.7rem;"
          >
            If you create a sound, its volume can range from a whisper to a scream. It can be your voice, someone else's voice, a lion's roar, a beating of drums, or any other sound you choose. The sound continues unabated throughout the duration, or you can make discrete sounds at different times before the spell ends.
          </p>
          

          <p
            style="text-indent: 0.7rem;"
          >
            If you create an image of an object--such as a chair, muddy footprints, or a small chest--it must be no larger than a 5-foot cube. The image can't create sound, light, smell, or any other sensory effect. Physical interaction with the image reveals it to be an illusion, because things can pass through it.
          </p>
          

          <p
            style="text-indent: 0.7rem;"
          >
            If a creature uses its action to examine the sound or image, the creature can determine that it is an illusion with a successful Intelligence (Investigation) check against your spell save DC. If a creature discerns the illusion for what it is, the illusion becomes faint to the creature.
          </p>
        </div>
        <div
          class="other"
        />
        <div
          class="buttons"
        >
          <button
            class="button positive"
            style="font-size: 1.3rem; padding: 1rem; margin: 0.25rem;"
            type="button"
          >
            Add
          </button>
          <button
            class="button negative"
            disabled=""
            style="font-size: 1.3rem; padding: 1rem; margin: 0.25rem;"
            type="button"
          >
            Remove
          </button>
        </div>
      </div>
    </div>
    <div
      class="selector"
      data-testid="spell-selector"
    >
      <div
        aria-label="Dancing Lights"
        class="selector-label"
        role="button"
        tabindex="0"
      >
        <div
          class="label-name-container"
        >
          <svg
            class="label-icon"
          >
            <use
              xlink:href="/Icons.svg#evocation"
            />
          </svg>
          Dancing Lights
        </div>
        <svg
          aria-hidden="true"
          class="label-icon"
          fill="currentColor"
          viewBox="0 0 20 20"
          xmlns="http://www.w3.org/2000/svg"
        >
          <path
            clip-rule="evenodd"
            d="M5.23 7.21a.75.75 0 011.06.02L10 11.168l3.71-3.938a.75.75 0 111.08 1.04l-4.25 4.5a.75.75 0 01-1.08 0l-4.25-4.5a.75.75 0 01.02-1.06z"
            fill-rule="evenodd"
          />
        </svg>
      </div>
      <div
        class="selector-display"
        style="display: none;"
      >
        <div
          class="summary"
        >
          <div
            class="summary-item"
          >
            <span
              class="summary-item-label"
            >
              Level
            </span>
            :
             
            Cantrip
          </div>
          <div
            class="summary-item"
          >
            <span
              class="summary-item-label"
            >
              Casting time
            </span>
            :
             
            1 action
          </div>
          <div
            class="summary-item"
          >
            <span
              class="summary-item-label"
            >
              Duration
            </span>
            :
             
            1 hour
          </div>
          <div
            class="summary-item"
          >
            <span
              class="summary-item-label"
            >
              Range
            </span>
            :
             
            120 feet
          </div>
          <div
            class="summary-item"
          >
            <span
              class="summary-item-label"
            >
              School
            </span>
            :
             
            Evocation
          </div>
          <div
            class="summary-item"
          >
            <span
              class="summary-item-label"
            >
              Components
            </span>
            :
             
            V, S, M
             (A bit of phosphorus or wychwood, or a glowworm.)
          </div>
        </div>
        <div
          class="description"
        >
          <p
            style="text-indent: 0.7rem;"
          >
            You create up to four torch-sized lights within range, making them appear as torches, lanterns, or glowing orbs that hover in the air for the duration. You can also combine the four lights into one glowing vaguely humanoid form of Medium size. Whichever form you choose, each light sheds dim light in a 10-foot radius.
          </p>
          

          <p
            style="text-indent: 0.7rem;"
          >
            As a bonus action on your turn, you can move the lights up to 60 feet to a new spot within range. A light must be within 20 feet of another light created by this spell, and a light winks out if it exceeds the spell's range.
          </p>
        </div>
        <div
          class="other"
        >
          <p
            class="other-info"
          >
            Requires concentration.
          </p>
        </div>
        <div
          class="buttons"
        >
          <button
            class="button positive"
            style="font-size: 1.3rem; padding: 1rem; margin: 0.25rem;"
            type="button"
          >
            Add
          </button>
          <button
            class="button negative"
            disabled=""
            style="font-size: 1.3rem; padding: 1rem; margin: 0.25rem;"
            type="button"
          >
            Remove
          </button>
        </div>
      </div>
    </div>
    <div
      class="selector"
      data-testid="spell-selector"
    >
      <div
        aria-label="Prestidigitation"
        class="selector-label"
        role="button"
        tabindex="0"
      >
        <div
          class="label-name-container"
        >
          <svg
            class="label-icon"
          >
            <use
              xlink:href="/Icons.svg#transmutation"
            />
          </svg>
          Prestidigitation
        </div>
        <svg
          aria-hidden="true"
          class="label-icon"
          fill="currentColor"
          viewBox="0 0 20 20"
          xmlns="http://www.w3.org/2000/svg"
        >
          <path
            clip-rule="evenodd"
            d="M5.23 7.21a.75.75 0 011.06.02L10 11.168l3.71-3.938a.75.75 0 111.08 1.04l-4.25 4.5a.75.75 0 01-1.08 0l-4.25-4.5a.75.75 0 01.02-1.06z"
            fill-rule="evenodd"
          />
        </svg>
      </div>
      <div
        class="selector-display"
        style="display: none;"
      >
        <div
          class="summary"
        >
          <div
            class="summary-item"
          >
            <span
              class="summary-item-label"
            >
              Level
            </span>
            :
             
            Cantrip
          </div>
          <div
            class="summary-item"
          >
            <span
              class="summary-item-label"
            >
              Casting time
            </span>
            :
             
            1 action
          </div>
          <div
            class="summary-item"
          >
            <span
              class="summary-item-label"
            >
              Duration
            </span>
            :
             
            1 hour
          </div>
          <div
            class="summary-item"
          >
            <span
              class="summary-item-label"
            >
              Range
            </span>
            :
             
            10 feet
          </div>
          <div
            class="summary-item"
          >
            <span
              class="summary-item-label"
            >
              School
            </span>
            :
             
            Transmutation
          </div>
          <div
            class="summary-item"
          >
            <span
              class="summary-item-label"
            >
              Components
            </span>
            :
             
            V, S
          </div>
        </div>
        <div
          class="description"
        >
          <p
            style="text-indent: 0.7rem;"
          >
            This spell is a minor magical trick that novice spellcasters use for practice. You create one of the following magical effects within 'range':
          </p>
          

          <p
            style="text-indent: 0.7rem;"
          >
            You create an instantaneous, harmless sensory effect, such as a shower of sparks, a puff of wind, faint musical notes, or an odd odor.
          </p>
          

          <p
            style="text-indent: 0.7rem;"
          >
            You instantaneously light or snuff out a candle, a torch, or a small campfire.
          </p>
          

          <p
            style="text-indent: 0.7rem;"
          >
            You instantaneously clean or soil an object no larger than 1 cubic foot.
          </p>
          

          <p
            style="text-indent: 0.7rem;"
          >
            You chill, warm, or flavor up to 1 cubic foot of nonliving material for 1 hour.
          </p>
          

          <p
            style="text-indent: 0.7rem;"
          >
            You make a color, a small mark, or a symbol appear on an object or a surface for 1 hour.
          </p>
          

          <p
            style="text-indent: 0.7rem;"
          >
            You create a nonmagical trinket or an illusory image that can fit in your hand and that lasts until the end of your next turn.
          </p>
          

          <p
            style="text-indent: 0.7rem;"
          >
            If you cast this spell multiple times, you can have up to three of its non-instantaneous effects active at a time, and you can dismiss such an effect as an action.
          </p>
        </div>
        <div
          class="other"
        />
        <div
          class="buttons"
        >
          <button
            class="button positive"
            style="font-size: 1.3rem; padding: 1rem; margin: 0.25rem;"
            type="button"
          >
            Add
          </button>
          <button
            class="button negative"
            disabled=""
            style="font-size: 1.3rem; padding: 1rem; margin: 0.25rem;"
            type="button"
          >
            Remove
          </button>
        </div>
      </div>
    </div>
  </div>
</div>
`;
