// Jest Snapshot v1, https://goo.gl/fbAQLP

exports[`renders correctly 1`] = `
<div
  class="container"
  data-testid="skills-selector"
>
  <h2
    class="heading"
  >
    Skills
  </h2>
  <div
    class="selected-text"
  >
    0
    /
    0
     
    Skills Selected
  </div>
  <div
    class="skills-container"
  />
</div>
`;
