// Jest Snapshot v1, https://goo.gl/fbAQLP

exports[`renders correctly 1`] = `
<li
  class="option-li"
  data-testid="option"
>
  <div>
    <div
      aria-label="Dwarf"
      class="option-container"
      role="button"
      tabindex="0"
    >
      <div
        class="option-title"
      >
        <div
          class="icon-container"
        >
          <svg
            class="icon"
          >
            <use
              xlink:href="/Icons.svg#dwarf"
            />
          </svg>
        </div>
         
        Dwarf
      </div>
      <svg
        aria-hidden="true"
        class="chevron"
        data-testid="chevron-right"
        fill="currentColor"
        viewBox="0 0 24 24"
        xmlns="http://www.w3.org/2000/svg"
      >
        <path
          clip-rule="evenodd"
          d="M16.28 11.47a.75.75 0 010 1.06l-7.5 7.5a.75.75 0 01-1.06-1.06L14.69 12 7.72 5.03a.75.75 0 011.06-1.06l7.5 7.5z"
          fill-rule="evenodd"
        />
      </svg>
    </div>
  </div>
</li>
`;
