// Jest Snapshot v1, https://goo.gl/fbAQLP

exports[`renders correctly when all buttons 1`] = `
<div
  class="roll-group"
  data-testid="roll-group"
>
  <div
    class="rolls"
  >
    <div
      class="display-container"
      data-testid="roll-display"
    >
      <div
        class="total"
      >
        —
      </div>
      <button
        class="button positive"
        style="font-size: 1.3rem; padding: 1rem; margin: 0.25rem;"
        type="button"
      >
        Roll
      </button>
    </div>
    <div
      class="display-container"
      data-testid="roll-display"
    >
      <div
        class="total"
      >
        —
      </div>
      <button
        class="button positive"
        style="font-size: 1.3rem; padding: 1rem; margin: 0.25rem;"
        type="button"
      >
        Roll
      </button>
    </div>
    <div
      class="display-container"
      data-testid="roll-display"
    >
      <div
        class="total"
      >
        —
      </div>
      <button
        class="button positive"
        style="font-size: 1.3rem; padding: 1rem; margin: 0.25rem;"
        type="button"
      >
        Roll
      </button>
    </div>
    <div
      class="display-container"
      data-testid="roll-display"
    >
      <div
        class="total"
      >
        —
      </div>
      <button
        class="button positive"
        style="font-size: 1.3rem; padding: 1rem; margin: 0.25rem;"
        type="button"
      >
        Roll
      </button>
    </div>
    <div
      class="display-container"
      data-testid="roll-display"
    >
      <div
        class="total"
      >
        —
      </div>
      <button
        class="button positive"
        style="font-size: 1.3rem; padding: 1rem; margin: 0.25rem;"
        type="button"
      >
        Roll
      </button>
    </div>
    <div
      class="display-container"
      data-testid="roll-display"
    >
      <div
        class="total"
      >
        —
      </div>
      <button
        class="button positive"
        style="font-size: 1.3rem; padding: 1rem; margin: 0.25rem;"
        type="button"
      >
        Roll
      </button>
    </div>
  </div>
  <div>
    <button
      class="button negative"
      disabled=""
      style="font-size: 0.7rem; padding: 0.3rem; margin: 1rem;"
      type="button"
    >
      Reset Group
    </button>
    <button
      class="button positive"
      disabled=""
      style="font-size: 0.7rem; padding: 0.3rem; margin: 0.25rem;"
      type="button"
    >
      Apply Ability Scores
    </button>
  </div>
</div>
`;

exports[`renders correctly when all score with abilities assigned 1`] = `
<div
  class="roll-group"
  data-testid="roll-group"
>
  <div
    class="rolls"
  >
    <div
      class="display-container"
      data-testid="roll-display"
    >
      <div
        class="total"
        data-testid="roll-total"
      >
        12
      </div>
      <div
        class="rolls"
      >
        <div
          class="roll"
          data-testid="roll-die"
        >
          5
        </div>
        <div
          class="roll"
          data-testid="roll-die"
        >
          4
        </div>
        <div
          class="roll"
          data-testid="roll-die"
        >
          3
        </div>
        <div
          class="roll"
          data-testid="roll-die"
        >
          2
        </div>
      </div>
      <select
        aria-label="Select ability for score"
      >
        <option
          value="blank"
        >
          —
        </option>
        <option
          value="wis"
        >
          WIS
        </option>
      </select>
    </div>
    <div
      class="display-container"
      data-testid="roll-display"
    >
      <div
        class="total"
        data-testid="roll-total"
      >
        18
      </div>
      <div
        class="rolls"
      >
        <div
          class="roll"
          data-testid="roll-die"
        >
          6
        </div>
        <div
          class="roll"
          data-testid="roll-die"
        >
          6
        </div>
        <div
          class="roll"
          data-testid="roll-die"
        >
          6
        </div>
        <div
          class="roll"
          data-testid="roll-die"
        >
          4
        </div>
      </div>
      <select
        aria-label="Select ability for score"
      >
        <option
          value="blank"
        >
          —
        </option>
        <option
          value="str"
        >
          STR
        </option>
      </select>
    </div>
    <div
      class="display-container"
      data-testid="roll-display"
    >
      <div
        class="total"
        data-testid="roll-total"
      >
        8
      </div>
      <div
        class="rolls"
      >
        <div
          class="roll"
          data-testid="roll-die"
        >
          4
        </div>
        <div
          class="roll"
          data-testid="roll-die"
        >
          2
        </div>
        <div
          class="roll"
          data-testid="roll-die"
        >
          2
        </div>
        <div
          class="roll"
          data-testid="roll-die"
        >
          1
        </div>
      </div>
      <select
        aria-label="Select ability for score"
      >
        <option
          value="blank"
        >
          —
        </option>
        <option
          value="cha"
        >
          CHA
        </option>
      </select>
    </div>
    <div
      class="display-container"
      data-testid="roll-display"
    >
      <div
        class="total"
        data-testid="roll-total"
      >
        13
      </div>
      <div
        class="rolls"
      >
        <div
          class="roll"
          data-testid="roll-die"
        >
          5
        </div>
        <div
          class="roll"
          data-testid="roll-die"
        >
          4
        </div>
        <div
          class="roll"
          data-testid="roll-die"
        >
          4
        </div>
        <div
          class="roll"
          data-testid="roll-die"
        >
          3
        </div>
      </div>
      <select
        aria-label="Select ability for score"
      >
        <option
          value="blank"
        >
          —
        </option>
        <option
          value="int"
        >
          INT
        </option>
      </select>
    </div>
    <div
      class="display-container"
      data-testid="roll-display"
    >
      <div
        class="total"
        data-testid="roll-total"
      >
        13
      </div>
      <div
        class="rolls"
      >
        <div
          class="roll"
          data-testid="roll-die"
        >
          5
        </div>
        <div
          class="roll"
          data-testid="roll-die"
        >
          5
        </div>
        <div
          class="roll"
          data-testid="roll-die"
        >
          3
        </div>
        <div
          class="roll"
          data-testid="roll-die"
        >
          1
        </div>
      </div>
      <select
        aria-label="Select ability for score"
      >
        <option
          value="blank"
        >
          —
        </option>
        <option
          value="dex"
        >
          DEX
        </option>
      </select>
    </div>
    <div
      class="display-container"
      data-testid="roll-display"
    >
      <div
        class="total"
        data-testid="roll-total"
      >
        10
      </div>
      <div
        class="rolls"
      >
        <div
          class="roll"
          data-testid="roll-die"
        >
          4
        </div>
        <div
          class="roll"
          data-testid="roll-die"
        >
          3
        </div>
        <div
          class="roll"
          data-testid="roll-die"
        >
          3
        </div>
        <div
          class="roll"
          data-testid="roll-die"
        >
          2
        </div>
      </div>
      <select
        aria-label="Select ability for score"
      >
        <option
          value="blank"
        >
          —
        </option>
        <option
          value="con"
        >
          CON
        </option>
      </select>
    </div>
  </div>
  <div>
    <button
      class="button negative"
      style="font-size: 0.7rem; padding: 0.3rem; margin: 1rem;"
      type="button"
    >
      Reset Group
    </button>
    <button
      class="button positive"
      style="font-size: 0.7rem; padding: 0.3rem; margin: 0.25rem;"
      type="button"
    >
      Apply Ability Scores
    </button>
  </div>
</div>
`;

exports[`renders correctly when all scores 1`] = `
<div
  class="roll-group"
  data-testid="roll-group"
>
  <div
    class="rolls"
  >
    <div
      class="display-container"
      data-testid="roll-display"
    >
      <div
        class="total"
        data-testid="roll-total"
      >
        12
      </div>
      <div
        class="rolls"
      >
        <div
          class="roll"
          data-testid="roll-die"
        >
          5
        </div>
        <div
          class="roll"
          data-testid="roll-die"
        >
          4
        </div>
        <div
          class="roll"
          data-testid="roll-die"
        >
          3
        </div>
        <div
          class="roll"
          data-testid="roll-die"
        >
          2
        </div>
      </div>
      <select
        aria-label="Select ability for score"
      >
        <option
          value="blank"
        >
          —
        </option>
        <option
          value="str"
        >
          STR
        </option>
        <option
          value="dex"
        >
          DEX
        </option>
        <option
          value="con"
        >
          CON
        </option>
        <option
          value="int"
        >
          INT
        </option>
        <option
          value="wis"
        >
          WIS
        </option>
        <option
          value="cha"
        >
          CHA
        </option>
      </select>
    </div>
    <div
      class="display-container"
      data-testid="roll-display"
    >
      <div
        class="total"
        data-testid="roll-total"
      >
        18
      </div>
      <div
        class="rolls"
      >
        <div
          class="roll"
          data-testid="roll-die"
        >
          6
        </div>
        <div
          class="roll"
          data-testid="roll-die"
        >
          6
        </div>
        <div
          class="roll"
          data-testid="roll-die"
        >
          6
        </div>
        <div
          class="roll"
          data-testid="roll-die"
        >
          4
        </div>
      </div>
      <select
        aria-label="Select ability for score"
      >
        <option
          value="blank"
        >
          —
        </option>
        <option
          value="str"
        >
          STR
        </option>
        <option
          value="dex"
        >
          DEX
        </option>
        <option
          value="con"
        >
          CON
        </option>
        <option
          value="int"
        >
          INT
        </option>
        <option
          value="wis"
        >
          WIS
        </option>
        <option
          value="cha"
        >
          CHA
        </option>
      </select>
    </div>
    <div
      class="display-container"
      data-testid="roll-display"
    >
      <div
        class="total"
        data-testid="roll-total"
      >
        8
      </div>
      <div
        class="rolls"
      >
        <div
          class="roll"
          data-testid="roll-die"
        >
          4
        </div>
        <div
          class="roll"
          data-testid="roll-die"
        >
          2
        </div>
        <div
          class="roll"
          data-testid="roll-die"
        >
          2
        </div>
        <div
          class="roll"
          data-testid="roll-die"
        >
          1
        </div>
      </div>
      <select
        aria-label="Select ability for score"
      >
        <option
          value="blank"
        >
          —
        </option>
        <option
          value="str"
        >
          STR
        </option>
        <option
          value="dex"
        >
          DEX
        </option>
        <option
          value="con"
        >
          CON
        </option>
        <option
          value="int"
        >
          INT
        </option>
        <option
          value="wis"
        >
          WIS
        </option>
        <option
          value="cha"
        >
          CHA
        </option>
      </select>
    </div>
    <div
      class="display-container"
      data-testid="roll-display"
    >
      <div
        class="total"
        data-testid="roll-total"
      >
        13
      </div>
      <div
        class="rolls"
      >
        <div
          class="roll"
          data-testid="roll-die"
        >
          5
        </div>
        <div
          class="roll"
          data-testid="roll-die"
        >
          4
        </div>
        <div
          class="roll"
          data-testid="roll-die"
        >
          4
        </div>
        <div
          class="roll"
          data-testid="roll-die"
        >
          3
        </div>
      </div>
      <select
        aria-label="Select ability for score"
      >
        <option
          value="blank"
        >
          —
        </option>
        <option
          value="str"
        >
          STR
        </option>
        <option
          value="dex"
        >
          DEX
        </option>
        <option
          value="con"
        >
          CON
        </option>
        <option
          value="int"
        >
          INT
        </option>
        <option
          value="wis"
        >
          WIS
        </option>
        <option
          value="cha"
        >
          CHA
        </option>
      </select>
    </div>
    <div
      class="display-container"
      data-testid="roll-display"
    >
      <div
        class="total"
        data-testid="roll-total"
      >
        13
      </div>
      <div
        class="rolls"
      >
        <div
          class="roll"
          data-testid="roll-die"
        >
          5
        </div>
        <div
          class="roll"
          data-testid="roll-die"
        >
          5
        </div>
        <div
          class="roll"
          data-testid="roll-die"
        >
          3
        </div>
        <div
          class="roll"
          data-testid="roll-die"
        >
          1
        </div>
      </div>
      <select
        aria-label="Select ability for score"
      >
        <option
          value="blank"
        >
          —
        </option>
        <option
          value="str"
        >
          STR
        </option>
        <option
          value="dex"
        >
          DEX
        </option>
        <option
          value="con"
        >
          CON
        </option>
        <option
          value="int"
        >
          INT
        </option>
        <option
          value="wis"
        >
          WIS
        </option>
        <option
          value="cha"
        >
          CHA
        </option>
      </select>
    </div>
    <div
      class="display-container"
      data-testid="roll-display"
    >
      <div
        class="total"
        data-testid="roll-total"
      >
        10
      </div>
      <div
        class="rolls"
      >
        <div
          class="roll"
          data-testid="roll-die"
        >
          4
        </div>
        <div
          class="roll"
          data-testid="roll-die"
        >
          3
        </div>
        <div
          class="roll"
          data-testid="roll-die"
        >
          3
        </div>
        <div
          class="roll"
          data-testid="roll-die"
        >
          2
        </div>
      </div>
      <select
        aria-label="Select ability for score"
      >
        <option
          value="blank"
        >
          —
        </option>
        <option
          value="str"
        >
          STR
        </option>
        <option
          value="dex"
        >
          DEX
        </option>
        <option
          value="con"
        >
          CON
        </option>
        <option
          value="int"
        >
          INT
        </option>
        <option
          value="wis"
        >
          WIS
        </option>
        <option
          value="cha"
        >
          CHA
        </option>
      </select>
    </div>
  </div>
  <div>
    <button
      class="button negative"
      style="font-size: 0.7rem; padding: 0.3rem; margin: 1rem;"
      type="button"
    >
      Reset Group
    </button>
    <button
      class="button positive"
      disabled=""
      style="font-size: 0.7rem; padding: 0.3rem; margin: 0.25rem;"
      type="button"
    >
      Apply Ability Scores
    </button>
  </div>
</div>
`;
