// Jest Snapshot v1, https://goo.gl/fbAQLP

exports[`renders correctly when button is showing 1`] = `
<div
  class="display-container"
  data-testid="roll-display"
>
  <div
    class="total"
  >
    —
  </div>
  <button
    class="button positive"
    style="font-size: 1.3rem; padding: 1rem; margin: 0.25rem;"
    type="button"
  >
    Roll
  </button>
</div>
`;

exports[`renders correctly when roll is showing 1`] = `
<div
  class="display-container"
  data-testid="roll-display"
>
  <div
    class="total"
    data-testid="roll-total"
  >
    11
  </div>
  <div
    class="rolls"
  >
    <div
      class="roll"
      data-testid="roll-die"
    >
      6
    </div>
    <div
      class="roll"
      data-testid="roll-die"
    >
      4
    </div>
    <div
      class="roll"
      data-testid="roll-die"
    >
      1
    </div>
    <div
      class="roll"
      data-testid="roll-die"
    >
      1
    </div>
  </div>
  <select
    aria-label="Select ability for score"
  >
    <option
      value="blank"
    >
      —
    </option>
    <option
      value="str"
    >
      STR
    </option>
    <option
      value="dex"
    >
      DEX
    </option>
    <option
      value="con"
    >
      CON
    </option>
    <option
      value="int"
    >
      INT
    </option>
    <option
      value="wis"
    >
      WIS
    </option>
    <option
      value="cha"
    >
      CHA
    </option>
  </select>
</div>
`;

exports[`renders correctly when roll is showing and ability is selected 1`] = `
<div
  class="display-container"
  data-testid="roll-display"
>
  <div
    class="total"
    data-testid="roll-total"
  >
    18
  </div>
  <div
    class="rolls"
  >
    <div
      class="roll"
      data-testid="roll-die"
    >
      6
    </div>
    <div
      class="roll"
      data-testid="roll-die"
    >
      6
    </div>
    <div
      class="roll"
      data-testid="roll-die"
    >
      6
    </div>
    <div
      class="roll"
      data-testid="roll-die"
    >
      3
    </div>
  </div>
  <select
    aria-label="Select ability for score"
  >
    <option
      value="blank"
    >
      —
    </option>
    <option
      value="str"
    >
      STR
    </option>
    <option
      value="dex"
    >
      DEX
    </option>
    <option
      value="con"
    >
      CON
    </option>
    <option
      value="int"
    >
      INT
    </option>
    <option
      value="wis"
    >
      WIS
    </option>
    <option
      value="cha"
    >
      CHA
    </option>
  </select>
</div>
`;
