// Jest Snapshot v1, https://goo.gl/fbAQLP

exports[`renders correctly 1`] = `
<main
  class="main"
  data-testid="class"
>
  <div
    class="content"
  >
    <h1
      class="title"
    >
      Choose Class
    </h1>
    <ul
      class="class-list"
    >
      <li
        class="option-li"
        data-testid="option"
      >
        <div>
          <div
            aria-label="Barbarian"
            class="option-container"
            role="button"
            tabindex="0"
          >
            <div
              class="option-title"
            >
              <div
                class="icon-container"
              >
                <svg
                  class="icon"
                >
                  <use
                    xlink:href="/Icons.svg#barbarian"
                  />
                </svg>
              </div>
               
              Barbarian
            </div>
            <svg
              aria-hidden="true"
              class="chevron"
              data-testid="chevron-right"
              fill="currentColor"
              viewBox="0 0 24 24"
              xmlns="http://www.w3.org/2000/svg"
            >
              <path
                clip-rule="evenodd"
                d="M16.28 11.47a.75.75 0 010 1.06l-7.5 7.5a.75.75 0 01-1.06-1.06L14.69 12 7.72 5.03a.75.75 0 011.06-1.06l7.5 7.5z"
                fill-rule="evenodd"
              />
            </svg>
          </div>
        </div>
      </li>
      <li
        class="option-li"
        data-testid="option"
      >
        <div>
          <div
            aria-label="Bard"
            class="option-container"
            role="button"
            tabindex="0"
          >
            <div
              class="option-title"
            >
              <div
                class="icon-container"
              >
                <svg
                  class="icon"
                >
                  <use
                    xlink:href="/Icons.svg#bard"
                  />
                </svg>
              </div>
               
              Bard
            </div>
            <svg
              aria-hidden="true"
              class="chevron"
              data-testid="chevron-right"
              fill="currentColor"
              viewBox="0 0 24 24"
              xmlns="http://www.w3.org/2000/svg"
            >
              <path
                clip-rule="evenodd"
                d="M16.28 11.47a.75.75 0 010 1.06l-7.5 7.5a.75.75 0 01-1.06-1.06L14.69 12 7.72 5.03a.75.75 0 011.06-1.06l7.5 7.5z"
                fill-rule="evenodd"
              />
            </svg>
          </div>
        </div>
      </li>
      <li
        class="option-li"
        data-testid="option"
      >
        <div>
          <div
            aria-label="Cleric"
            class="option-container"
            role="button"
            tabindex="0"
          >
            <div
              class="option-title"
            >
              <div
                class="icon-container"
              >
                <svg
                  class="icon"
                >
                  <use
                    xlink:href="/Icons.svg#cleric"
                  />
                </svg>
              </div>
               
              Cleric
            </div>
            <svg
              aria-hidden="true"
              class="chevron"
              data-testid="chevron-right"
              fill="currentColor"
              viewBox="0 0 24 24"
              xmlns="http://www.w3.org/2000/svg"
            >
              <path
                clip-rule="evenodd"
                d="M16.28 11.47a.75.75 0 010 1.06l-7.5 7.5a.75.75 0 01-1.06-1.06L14.69 12 7.72 5.03a.75.75 0 011.06-1.06l7.5 7.5z"
                fill-rule="evenodd"
              />
            </svg>
          </div>
        </div>
      </li>
      <li
        class="option-li"
        data-testid="option"
      >
        <div>
          <div
            aria-label="Druid"
            class="option-container"
            role="button"
            tabindex="0"
          >
            <div
              class="option-title"
            >
              <div
                class="icon-container"
              >
                <svg
                  class="icon"
                >
                  <use
                    xlink:href="/Icons.svg#druid"
                  />
                </svg>
              </div>
               
              Druid
            </div>
            <svg
              aria-hidden="true"
              class="chevron"
              data-testid="chevron-right"
              fill="currentColor"
              viewBox="0 0 24 24"
              xmlns="http://www.w3.org/2000/svg"
            >
              <path
                clip-rule="evenodd"
                d="M16.28 11.47a.75.75 0 010 1.06l-7.5 7.5a.75.75 0 01-1.06-1.06L14.69 12 7.72 5.03a.75.75 0 011.06-1.06l7.5 7.5z"
                fill-rule="evenodd"
              />
            </svg>
          </div>
        </div>
      </li>
      <li
        class="option-li"
        data-testid="option"
      >
        <div>
          <div
            aria-label="Fighter"
            class="option-container"
            role="button"
            tabindex="0"
          >
            <div
              class="option-title"
            >
              <div
                class="icon-container"
              >
                <svg
                  class="icon"
                >
                  <use
                    xlink:href="/Icons.svg#fighter"
                  />
                </svg>
              </div>
               
              Fighter
            </div>
            <svg
              aria-hidden="true"
              class="chevron"
              data-testid="chevron-right"
              fill="currentColor"
              viewBox="0 0 24 24"
              xmlns="http://www.w3.org/2000/svg"
            >
              <path
                clip-rule="evenodd"
                d="M16.28 11.47a.75.75 0 010 1.06l-7.5 7.5a.75.75 0 01-1.06-1.06L14.69 12 7.72 5.03a.75.75 0 011.06-1.06l7.5 7.5z"
                fill-rule="evenodd"
              />
            </svg>
          </div>
        </div>
      </li>
      <li
        class="option-li"
        data-testid="option"
      >
        <div>
          <div
            aria-label="Monk"
            class="option-container"
            role="button"
            tabindex="0"
          >
            <div
              class="option-title"
            >
              <div
                class="icon-container"
              >
                <svg
                  class="icon"
                >
                  <use
                    xlink:href="/Icons.svg#monk"
                  />
                </svg>
              </div>
               
              Monk
            </div>
            <svg
              aria-hidden="true"
              class="chevron"
              data-testid="chevron-right"
              fill="currentColor"
              viewBox="0 0 24 24"
              xmlns="http://www.w3.org/2000/svg"
            >
              <path
                clip-rule="evenodd"
                d="M16.28 11.47a.75.75 0 010 1.06l-7.5 7.5a.75.75 0 01-1.06-1.06L14.69 12 7.72 5.03a.75.75 0 011.06-1.06l7.5 7.5z"
                fill-rule="evenodd"
              />
            </svg>
          </div>
        </div>
      </li>
      <li
        class="option-li"
        data-testid="option"
      >
        <div>
          <div
            aria-label="Paladin"
            class="option-container"
            role="button"
            tabindex="0"
          >
            <div
              class="option-title"
            >
              <div
                class="icon-container"
              >
                <svg
                  class="icon"
                >
                  <use
                    xlink:href="/Icons.svg#paladin"
                  />
                </svg>
              </div>
               
              Paladin
            </div>
            <svg
              aria-hidden="true"
              class="chevron"
              data-testid="chevron-right"
              fill="currentColor"
              viewBox="0 0 24 24"
              xmlns="http://www.w3.org/2000/svg"
            >
              <path
                clip-rule="evenodd"
                d="M16.28 11.47a.75.75 0 010 1.06l-7.5 7.5a.75.75 0 01-1.06-1.06L14.69 12 7.72 5.03a.75.75 0 011.06-1.06l7.5 7.5z"
                fill-rule="evenodd"
              />
            </svg>
          </div>
        </div>
      </li>
      <li
        class="option-li"
        data-testid="option"
      >
        <div>
          <div
            aria-label="Ranger"
            class="option-container"
            role="button"
            tabindex="0"
          >
            <div
              class="option-title"
            >
              <div
                class="icon-container"
              >
                <svg
                  class="icon"
                >
                  <use
                    xlink:href="/Icons.svg#ranger"
                  />
                </svg>
              </div>
               
              Ranger
            </div>
            <svg
              aria-hidden="true"
              class="chevron"
              data-testid="chevron-right"
              fill="currentColor"
              viewBox="0 0 24 24"
              xmlns="http://www.w3.org/2000/svg"
            >
              <path
                clip-rule="evenodd"
                d="M16.28 11.47a.75.75 0 010 1.06l-7.5 7.5a.75.75 0 01-1.06-1.06L14.69 12 7.72 5.03a.75.75 0 011.06-1.06l7.5 7.5z"
                fill-rule="evenodd"
              />
            </svg>
          </div>
        </div>
      </li>
      <li
        class="option-li"
        data-testid="option"
      >
        <div>
          <div
            aria-label="Rogue"
            class="option-container"
            role="button"
            tabindex="0"
          >
            <div
              class="option-title"
            >
              <div
                class="icon-container"
              >
                <svg
                  class="icon"
                >
                  <use
                    xlink:href="/Icons.svg#rogue"
                  />
                </svg>
              </div>
               
              Rogue
            </div>
            <svg
              aria-hidden="true"
              class="chevron"
              data-testid="chevron-right"
              fill="currentColor"
              viewBox="0 0 24 24"
              xmlns="http://www.w3.org/2000/svg"
            >
              <path
                clip-rule="evenodd"
                d="M16.28 11.47a.75.75 0 010 1.06l-7.5 7.5a.75.75 0 01-1.06-1.06L14.69 12 7.72 5.03a.75.75 0 011.06-1.06l7.5 7.5z"
                fill-rule="evenodd"
              />
            </svg>
          </div>
        </div>
      </li>
      <li
        class="option-li"
        data-testid="option"
      >
        <div>
          <div
            aria-label="Sorcerer"
            class="option-container"
            role="button"
            tabindex="0"
          >
            <div
              class="option-title"
            >
              <div
                class="icon-container"
              >
                <svg
                  class="icon"
                >
                  <use
                    xlink:href="/Icons.svg#sorcerer"
                  />
                </svg>
              </div>
               
              Sorcerer
            </div>
            <svg
              aria-hidden="true"
              class="chevron"
              data-testid="chevron-right"
              fill="currentColor"
              viewBox="0 0 24 24"
              xmlns="http://www.w3.org/2000/svg"
            >
              <path
                clip-rule="evenodd"
                d="M16.28 11.47a.75.75 0 010 1.06l-7.5 7.5a.75.75 0 01-1.06-1.06L14.69 12 7.72 5.03a.75.75 0 011.06-1.06l7.5 7.5z"
                fill-rule="evenodd"
              />
            </svg>
          </div>
        </div>
      </li>
      <li
        class="option-li"
        data-testid="option"
      >
        <div>
          <div
            aria-label="Warlock"
            class="option-container"
            role="button"
            tabindex="0"
          >
            <div
              class="option-title"
            >
              <div
                class="icon-container"
              >
                <svg
                  class="icon"
                >
                  <use
                    xlink:href="/Icons.svg#warlock"
                  />
                </svg>
              </div>
               
              Warlock
            </div>
            <svg
              aria-hidden="true"
              class="chevron"
              data-testid="chevron-right"
              fill="currentColor"
              viewBox="0 0 24 24"
              xmlns="http://www.w3.org/2000/svg"
            >
              <path
                clip-rule="evenodd"
                d="M16.28 11.47a.75.75 0 010 1.06l-7.5 7.5a.75.75 0 01-1.06-1.06L14.69 12 7.72 5.03a.75.75 0 011.06-1.06l7.5 7.5z"
                fill-rule="evenodd"
              />
            </svg>
          </div>
        </div>
      </li>
      <li
        class="option-li"
        data-testid="option"
      >
        <div>
          <div
            aria-label="Wizard"
            class="option-container"
            role="button"
            tabindex="0"
          >
            <div
              class="option-title"
            >
              <div
                class="icon-container"
              >
                <svg
                  class="icon"
                >
                  <use
                    xlink:href="/Icons.svg#wizard"
                  />
                </svg>
              </div>
               
              Wizard
            </div>
            <svg
              aria-hidden="true"
              class="chevron"
              data-testid="chevron-right"
              fill="currentColor"
              viewBox="0 0 24 24"
              xmlns="http://www.w3.org/2000/svg"
            >
              <path
                clip-rule="evenodd"
                d="M16.28 11.47a.75.75 0 010 1.06l-7.5 7.5a.75.75 0 01-1.06-1.06L14.69 12 7.72 5.03a.75.75 0 011.06-1.06l7.5 7.5z"
                fill-rule="evenodd"
              />
            </svg>
          </div>
        </div>
      </li>
    </ul>
  </div>
</main>
`;
