// Jest Snapshot v1, https://goo.gl/fbAQLP

exports[`renders correctly 1`] = `
<main
  class="main"
  data-testid="class"
>
  <div
    class="content"
  >
    <section
      class="container"
      data-testid="general-info-bar"
    >
      <div
        class="name-container"
      >
        <div
          class="input-and-error-container"
          data-testid="text-input"
        >
          <div
            class="input-and-label-container"
          >
            <div
              class="input-container"
            >
              <input
                class="input"
                id="characterName"
                name="characterName"
                type="text"
                value=""
              />
            </div>
            <label
              class="label light-label"
              for="characterName"
            >
              Character Name
            </label>
          </div>
        </div>
      </div>
      <div
        class="wrapper"
        data-testid="hit-points-button"
      >
        <div
          aria-label="Set Hit Points"
          class="hp-container"
          role="button"
          tabindex="0"
        >
          <svg
            aria-hidden="true"
            class="hp-icon"
            fill="currentColor"
            viewBox="0 0 24 24"
            xmlns="http://www.w3.org/2000/svg"
          >
            <path
              d="M11.645 20.91l-.007-.003-.022-.012a15.247 15.247 0 01-.383-.218 25.18 25.18 0 01-4.244-3.17C4.688 15.36 2.25 12.174 2.25 8.25 2.25 5.322 4.714 3 7.688 3A5.5 5.5 0 0112 5.052 5.5 5.5 0 0116.313 3c2.973 0 5.437 2.322 5.437 5.25 0 3.925-2.438 7.111-4.739 9.256a25.175 25.175 0 01-4.244 3.17 15.247 15.247 0 01-.383.219l-.022.012-.007.004-.003.001a.752.752 0 01-.704 0l-.003-.001z"
            />
          </svg>
          <div
            class="hp"
          >
            — HP
          </div>
        </div>
        <div
          class="modal-container"
          data-testid="hit-points-modal"
          style="display: none;"
        >
          <div
            class="modal"
          >
            <div
              class="close-container"
            >
              <button
                class="button negative"
                style="font-size: 1.3rem; padding: 1rem; margin: 0.25rem; display: flex; align-items: center;"
                type="button"
              >
                <svg
                  aria-hidden="true"
                  class="close-icon"
                  fill="currentColor"
                  viewBox="0 0 24 24"
                  xmlns="http://www.w3.org/2000/svg"
                >
                  <path
                    clip-rule="evenodd"
                    d="M12 2.25c-5.385 0-9.75 4.365-9.75 9.75s4.365 9.75 9.75 9.75 9.75-4.365 9.75-9.75S17.385 2.25 12 2.25zm-1.72 6.97a.75.75 0 10-1.06 1.06L10.94 12l-1.72 1.72a.75.75 0 101.06 1.06L12 13.06l1.72 1.72a.75.75 0 101.06-1.06L13.06 12l1.72-1.72a.75.75 0 10-1.06-1.06L12 10.94l-1.72-1.72z"
                    fill-rule="evenodd"
                  />
                </svg>
                Close
              </button>
            </div>
            <div
              class="bonuses-container"
            />
            <div
              class="auto-level-container"
            >
              <div
                class="section-header"
              >
                Automatically add HP on level up
              </div>
              <div
                class="auto-level-radios"
                role="radiogroup"
              >
                <label
                  class="radio-label"
                  data-testid="radio-button"
                >
                  <div
                    aria-checked="true"
                    class="radio-button selected"
                    role="radio"
                    tabindex="0"
                  >
                    <div
                      class="inner-circle"
                    />
                  </div>
                  Off
                </label>
                <label
                  class="radio-label"
                  data-testid="radio-button"
                >
                  <div
                    aria-checked="false"
                    class="radio-button"
                    role="radio"
                    tabindex="0"
                  >
                    <div
                      class="inner-circle"
                    />
                  </div>
                  Roll Hit Die
                </label>
                <label
                  class="radio-label"
                  data-testid="radio-button"
                >
                  <div
                    aria-checked="false"
                    class="radio-button"
                    role="radio"
                    tabindex="0"
                  >
                    <div
                      class="inner-circle"
                    />
                  </div>
                  Average Hit Die Roll
                </label>
              </div>
            </div>
            <div
              class="hp-container"
            >
              <div
                class="no-class-message"
              >
                Must select class to calculate HP.
              </div>
            </div>
          </div>
        </div>
      </div>
    </section>
    <h1
      class="title"
    >
      Choose Class
    </h1>
    <ul
      class="class-list"
    >
      <li
        class="option-li"
        data-testid="option"
      >
        <div>
          <div
            aria-label="Barbarian"
            class="option-container"
            role="button"
            tabindex="0"
          >
            <div
              class="option-title"
            >
              <div
                class="icon-container"
              >
                <svg
                  class="icon"
                >
                  <use
                    xlink:href="/Icons.svg#barbarian"
                  />
                </svg>
              </div>
               
              Barbarian
            </div>
            <svg
              aria-hidden="true"
              class="chevron"
              data-testid="chevron-right"
              fill="currentColor"
              viewBox="0 0 24 24"
              xmlns="http://www.w3.org/2000/svg"
            >
              <path
                clip-rule="evenodd"
                d="M16.28 11.47a.75.75 0 010 1.06l-7.5 7.5a.75.75 0 01-1.06-1.06L14.69 12 7.72 5.03a.75.75 0 011.06-1.06l7.5 7.5z"
                fill-rule="evenodd"
              />
            </svg>
          </div>
        </div>
      </li>
      <li
        class="option-li"
        data-testid="option"
      >
        <div>
          <div
            aria-label="Bard"
            class="option-container"
            role="button"
            tabindex="0"
          >
            <div
              class="option-title"
            >
              <div
                class="icon-container"
              >
                <svg
                  class="icon"
                >
                  <use
                    xlink:href="/Icons.svg#bard"
                  />
                </svg>
              </div>
               
              Bard
            </div>
            <svg
              aria-hidden="true"
              class="chevron"
              data-testid="chevron-right"
              fill="currentColor"
              viewBox="0 0 24 24"
              xmlns="http://www.w3.org/2000/svg"
            >
              <path
                clip-rule="evenodd"
                d="M16.28 11.47a.75.75 0 010 1.06l-7.5 7.5a.75.75 0 01-1.06-1.06L14.69 12 7.72 5.03a.75.75 0 011.06-1.06l7.5 7.5z"
                fill-rule="evenodd"
              />
            </svg>
          </div>
        </div>
      </li>
      <li
        class="option-li"
        data-testid="option"
      >
        <div>
          <div
            aria-label="Cleric"
            class="option-container"
            role="button"
            tabindex="0"
          >
            <div
              class="option-title"
            >
              <div
                class="icon-container"
              >
                <svg
                  class="icon"
                >
                  <use
                    xlink:href="/Icons.svg#cleric"
                  />
                </svg>
              </div>
               
              Cleric
            </div>
            <svg
              aria-hidden="true"
              class="chevron"
              data-testid="chevron-right"
              fill="currentColor"
              viewBox="0 0 24 24"
              xmlns="http://www.w3.org/2000/svg"
            >
              <path
                clip-rule="evenodd"
                d="M16.28 11.47a.75.75 0 010 1.06l-7.5 7.5a.75.75 0 01-1.06-1.06L14.69 12 7.72 5.03a.75.75 0 011.06-1.06l7.5 7.5z"
                fill-rule="evenodd"
              />
            </svg>
          </div>
        </div>
      </li>
      <li
        class="option-li"
        data-testid="option"
      >
        <div>
          <div
            aria-label="Druid"
            class="option-container"
            role="button"
            tabindex="0"
          >
            <div
              class="option-title"
            >
              <div
                class="icon-container"
              >
                <svg
                  class="icon"
                >
                  <use
                    xlink:href="/Icons.svg#druid"
                  />
                </svg>
              </div>
               
              Druid
            </div>
            <svg
              aria-hidden="true"
              class="chevron"
              data-testid="chevron-right"
              fill="currentColor"
              viewBox="0 0 24 24"
              xmlns="http://www.w3.org/2000/svg"
            >
              <path
                clip-rule="evenodd"
                d="M16.28 11.47a.75.75 0 010 1.06l-7.5 7.5a.75.75 0 01-1.06-1.06L14.69 12 7.72 5.03a.75.75 0 011.06-1.06l7.5 7.5z"
                fill-rule="evenodd"
              />
            </svg>
          </div>
        </div>
      </li>
      <li
        class="option-li"
        data-testid="option"
      >
        <div>
          <div
            aria-label="Fighter"
            class="option-container"
            role="button"
            tabindex="0"
          >
            <div
              class="option-title"
            >
              <div
                class="icon-container"
              >
                <svg
                  class="icon"
                >
                  <use
                    xlink:href="/Icons.svg#fighter"
                  />
                </svg>
              </div>
               
              Fighter
            </div>
            <svg
              aria-hidden="true"
              class="chevron"
              data-testid="chevron-right"
              fill="currentColor"
              viewBox="0 0 24 24"
              xmlns="http://www.w3.org/2000/svg"
            >
              <path
                clip-rule="evenodd"
                d="M16.28 11.47a.75.75 0 010 1.06l-7.5 7.5a.75.75 0 01-1.06-1.06L14.69 12 7.72 5.03a.75.75 0 011.06-1.06l7.5 7.5z"
                fill-rule="evenodd"
              />
            </svg>
          </div>
        </div>
      </li>
      <li
        class="option-li"
        data-testid="option"
      >
        <div>
          <div
            aria-label="Monk"
            class="option-container"
            role="button"
            tabindex="0"
          >
            <div
              class="option-title"
            >
              <div
                class="icon-container"
              >
                <svg
                  class="icon"
                >
                  <use
                    xlink:href="/Icons.svg#monk"
                  />
                </svg>
              </div>
               
              Monk
            </div>
            <svg
              aria-hidden="true"
              class="chevron"
              data-testid="chevron-right"
              fill="currentColor"
              viewBox="0 0 24 24"
              xmlns="http://www.w3.org/2000/svg"
            >
              <path
                clip-rule="evenodd"
                d="M16.28 11.47a.75.75 0 010 1.06l-7.5 7.5a.75.75 0 01-1.06-1.06L14.69 12 7.72 5.03a.75.75 0 011.06-1.06l7.5 7.5z"
                fill-rule="evenodd"
              />
            </svg>
          </div>
        </div>
      </li>
      <li
        class="option-li"
        data-testid="option"
      >
        <div>
          <div
            aria-label="Paladin"
            class="option-container"
            role="button"
            tabindex="0"
          >
            <div
              class="option-title"
            >
              <div
                class="icon-container"
              >
                <svg
                  class="icon"
                >
                  <use
                    xlink:href="/Icons.svg#paladin"
                  />
                </svg>
              </div>
               
              Paladin
            </div>
            <svg
              aria-hidden="true"
              class="chevron"
              data-testid="chevron-right"
              fill="currentColor"
              viewBox="0 0 24 24"
              xmlns="http://www.w3.org/2000/svg"
            >
              <path
                clip-rule="evenodd"
                d="M16.28 11.47a.75.75 0 010 1.06l-7.5 7.5a.75.75 0 01-1.06-1.06L14.69 12 7.72 5.03a.75.75 0 011.06-1.06l7.5 7.5z"
                fill-rule="evenodd"
              />
            </svg>
          </div>
        </div>
      </li>
      <li
        class="option-li"
        data-testid="option"
      >
        <div>
          <div
            aria-label="Ranger"
            class="option-container"
            role="button"
            tabindex="0"
          >
            <div
              class="option-title"
            >
              <div
                class="icon-container"
              >
                <svg
                  class="icon"
                >
                  <use
                    xlink:href="/Icons.svg#ranger"
                  />
                </svg>
              </div>
               
              Ranger
            </div>
            <svg
              aria-hidden="true"
              class="chevron"
              data-testid="chevron-right"
              fill="currentColor"
              viewBox="0 0 24 24"
              xmlns="http://www.w3.org/2000/svg"
            >
              <path
                clip-rule="evenodd"
                d="M16.28 11.47a.75.75 0 010 1.06l-7.5 7.5a.75.75 0 01-1.06-1.06L14.69 12 7.72 5.03a.75.75 0 011.06-1.06l7.5 7.5z"
                fill-rule="evenodd"
              />
            </svg>
          </div>
        </div>
      </li>
      <li
        class="option-li"
        data-testid="option"
      >
        <div>
          <div
            aria-label="Rogue"
            class="option-container"
            role="button"
            tabindex="0"
          >
            <div
              class="option-title"
            >
              <div
                class="icon-container"
              >
                <svg
                  class="icon"
                >
                  <use
                    xlink:href="/Icons.svg#rogue"
                  />
                </svg>
              </div>
               
              Rogue
            </div>
            <svg
              aria-hidden="true"
              class="chevron"
              data-testid="chevron-right"
              fill="currentColor"
              viewBox="0 0 24 24"
              xmlns="http://www.w3.org/2000/svg"
            >
              <path
                clip-rule="evenodd"
                d="M16.28 11.47a.75.75 0 010 1.06l-7.5 7.5a.75.75 0 01-1.06-1.06L14.69 12 7.72 5.03a.75.75 0 011.06-1.06l7.5 7.5z"
                fill-rule="evenodd"
              />
            </svg>
          </div>
        </div>
      </li>
      <li
        class="option-li"
        data-testid="option"
      >
        <div>
          <div
            aria-label="Sorcerer"
            class="option-container"
            role="button"
            tabindex="0"
          >
            <div
              class="option-title"
            >
              <div
                class="icon-container"
              >
                <svg
                  class="icon"
                >
                  <use
                    xlink:href="/Icons.svg#sorcerer"
                  />
                </svg>
              </div>
               
              Sorcerer
            </div>
            <svg
              aria-hidden="true"
              class="chevron"
              data-testid="chevron-right"
              fill="currentColor"
              viewBox="0 0 24 24"
              xmlns="http://www.w3.org/2000/svg"
            >
              <path
                clip-rule="evenodd"
                d="M16.28 11.47a.75.75 0 010 1.06l-7.5 7.5a.75.75 0 01-1.06-1.06L14.69 12 7.72 5.03a.75.75 0 011.06-1.06l7.5 7.5z"
                fill-rule="evenodd"
              />
            </svg>
          </div>
        </div>
      </li>
      <li
        class="option-li"
        data-testid="option"
      >
        <div>
          <div
            aria-label="Warlock"
            class="option-container"
            role="button"
            tabindex="0"
          >
            <div
              class="option-title"
            >
              <div
                class="icon-container"
              >
                <svg
                  class="icon"
                >
                  <use
                    xlink:href="/Icons.svg#warlock"
                  />
                </svg>
              </div>
               
              Warlock
            </div>
            <svg
              aria-hidden="true"
              class="chevron"
              data-testid="chevron-right"
              fill="currentColor"
              viewBox="0 0 24 24"
              xmlns="http://www.w3.org/2000/svg"
            >
              <path
                clip-rule="evenodd"
                d="M16.28 11.47a.75.75 0 010 1.06l-7.5 7.5a.75.75 0 01-1.06-1.06L14.69 12 7.72 5.03a.75.75 0 011.06-1.06l7.5 7.5z"
                fill-rule="evenodd"
              />
            </svg>
          </div>
        </div>
      </li>
      <li
        class="option-li"
        data-testid="option"
      >
        <div>
          <div
            aria-label="Wizard"
            class="option-container"
            role="button"
            tabindex="0"
          >
            <div
              class="option-title"
            >
              <div
                class="icon-container"
              >
                <svg
                  class="icon"
                >
                  <use
                    xlink:href="/Icons.svg#wizard"
                  />
                </svg>
              </div>
               
              Wizard
            </div>
            <svg
              aria-hidden="true"
              class="chevron"
              data-testid="chevron-right"
              fill="currentColor"
              viewBox="0 0 24 24"
              xmlns="http://www.w3.org/2000/svg"
            >
              <path
                clip-rule="evenodd"
                d="M16.28 11.47a.75.75 0 010 1.06l-7.5 7.5a.75.75 0 01-1.06-1.06L14.69 12 7.72 5.03a.75.75 0 011.06-1.06l7.5 7.5z"
                fill-rule="evenodd"
              />
            </svg>
          </div>
        </div>
      </li>
    </ul>
  </div>
</main>
`;
