// Jest Snapshot v1, https://goo.gl/fbAQLP

exports[`renders correctly 1`] = `
<div
  aria-label="Standard Array"
  class="abilities"
  role="region"
>
  <div
    class="ability"
  >
    <label
      for="str-select"
    >
      Strength
    </label>
    <select
      id="str-select"
    >
      <option
        value="blank"
      >
        —
      </option>
      <option
        value="8"
      >
        8
      </option>
      <option
        value="10"
      >
        10
      </option>
      <option
        value="12"
      >
        12
      </option>
      <option
        value="13"
      >
        13
      </option>
    </select>
    <div>
      Total:
       
      8
    </div>
  </div>
  <div
    class="ability"
  >
    <label
      for="dex-select"
    >
      Dexterity
    </label>
    <select
      id="dex-select"
    >
      <option
        value="blank"
      >
        —
      </option>
      <option
        value="10"
      >
        10
      </option>
      <option
        value="12"
      >
        12
      </option>
      <option
        value="13"
      >
        13
      </option>
    </select>
    <div>
      Total:
       
      —
    </div>
  </div>
  <div
    class="ability"
  >
    <label
      for="con-select"
    >
      Constitution
    </label>
    <select
      id="con-select"
    >
      <option
        value="blank"
      >
        —
      </option>
      <option
        value="10"
      >
        10
      </option>
      <option
        value="12"
      >
        12
      </option>
      <option
        value="13"
      >
        13
      </option>
      <option
        value="14"
      >
        14
      </option>
    </select>
    <div>
      Total:
       
      14
    </div>
  </div>
  <div
    class="ability"
  >
    <label
      for="int-select"
    >
      Intelligence
    </label>
    <select
      id="int-select"
    >
      <option
        value="blank"
      >
        —
      </option>
      <option
        value="10"
      >
        10
      </option>
      <option
        value="12"
      >
        12
      </option>
      <option
        value="13"
      >
        13
      </option>
      <option
        value="15"
      >
        15
      </option>
    </select>
    <div>
      Total:
       
      15
    </div>
  </div>
  <div
    class="ability"
  >
    <label
      for="wis-select"
    >
      Wisdom
    </label>
    <select
      id="wis-select"
    >
      <option
        value="blank"
      >
        —
      </option>
      <option
        value="10"
      >
        10
      </option>
      <option
        value="12"
      >
        12
      </option>
      <option
        value="13"
      >
        13
      </option>
    </select>
    <div>
      Total:
       
      —
    </div>
  </div>
  <div
    class="ability"
  >
    <label
      for="cha-select"
    >
      Charisma
    </label>
    <select
      id="cha-select"
    >
      <option
        value="blank"
      >
        —
      </option>
      <option
        value="10"
      >
        10
      </option>
      <option
        value="12"
      >
        12
      </option>
      <option
        value="13"
      >
        13
      </option>
    </select>
    <div>
      Total:
       
      —
    </div>
  </div>
</div>
`;
