// Jest Snapshot v1, https://goo.gl/fbAQLP

exports[`renders correctly 1`] = `
<div
  class="calculation"
  data-testid="ability-calculation"
>
  <div
    class="header"
  >
    <svg
      class="icon"
    >
      <use
        xlink:href="/Icons.svg#str"
      />
    </svg>
    Strength
  </div>
  <div>
    <div
      class="component calculation-component"
    >
      <div
        class="label calculation-label"
      >
        Total Score
      </div>
      <div
        class="value"
        data-testid="total-score"
      >
        5
      </div>
    </div>
    <div
      class="component calculation-component"
    >
      <div
        class="label calculation-label"
      >
        Modifier
      </div>
      <div
        class="value"
        data-testid="modifier"
      >
        -3
      </div>
    </div>
    <div
      class="component calculation-component"
    >
      <div
        class="label calculation-label"
      >
        Base Score
      </div>
      <div
        class="value"
        data-testid="base-score"
      >
        15
      </div>
    </div>
    <div
      class="component calculation-component"
    >
      <div
        class="label calculation-label"
      >
        Racial Bonus
      </div>
      <div
        class="value"
        data-testid="racial-bonus"
      >
        +
        1
      </div>
    </div>
    <div
      class="component calculation-component"
    >
      <div
        class="label calculation-label"
      >
        Ability Improvements
      </div>
      <div
        class="value"
        data-testid="ability-improvements"
      >
        +
        2
      </div>
    </div>
    <div
      class="component calculation-component"
    >
      <div
        class="label calculation-label"
      >
        Misc Bonus
      </div>
      <div
        class="value"
        data-testid="misc-bonus"
      >
        +
        3
      </div>
    </div>
    <div
      class="component"
    >
      <div
        class="label"
      >
        <label
          for="other-str"
        >
          Other Bonus
        </label>
      </div>
      <div
        class="value input-value"
      >
        <input
          id="other-str"
          placeholder="—"
          type="number"
          value="1"
        />
      </div>
    </div>
    <div
      class="component"
    >
      <div
        class="label"
      >
        <label
          for="override-str"
        >
          Override Score
        </label>
      </div>
      <div
        class="value input-value"
      >
        <input
          id="override-str"
          placeholder="—"
          type="number"
          value="5"
        />
      </div>
    </div>
  </div>
</div>
`;
