// Jest Snapshot v1, https://goo.gl/fbAQLP

exports[`renders correctly 1`] = `
<div
  aria-label="toast"
  class="toast toast-success"
  role="alert"
>
  <div
    class="icon-container"
  >
    <svg
      aria-hidden="false"
      aria-label="Success"
      class="icon success-icon"
      fill="currentColor"
      role="img"
      viewBox="0 0 24 24"
      xmlns="http://www.w3.org/2000/svg"
    >
      <path
        clip-rule="evenodd"
        d="M12 2.25c-5.385 0-9.75 4.365-9.75 9.75s4.365 9.75 9.75 9.75 9.75-4.365 9.75-9.75S17.385 2.25 12 2.25zm3.059 8.062a.75.75 0 10-.993-1.124 12.785 12.785 0 00-3.209 4.358L9.53 12.22a.75.75 0 00-1.06 1.06l2.135 2.136a.75.75 0 001.24-.289 11.264 11.264 0 013.214-4.815z"
        fill-rule="evenodd"
      />
    </svg>
  </div>
  <div
    class="toast-text"
  >
    <div
      class="toast-title"
    >
      Success!
    </div>
    <p
      class="message"
    />
  </div>
  <div
    class="x-container"
  >
    <svg
      aria-hidden="false"
      aria-label="Close toast"
      class="x-icon"
      fill="currentColor"
      role="button"
      tabindex="-1"
      viewBox="0 0 24 24"
      xmlns="http://www.w3.org/2000/svg"
    >
      <path
        clip-rule="evenodd"
        d="M3.97 3.97a.75.75 0 011.06 0L12 10.94l6.97-6.97a.75.75 0 111.06 1.06L13.06 12l6.97 6.97a.75.75 0 11-1.06 1.06L12 13.06l-6.97 6.97a.75.75 0 01-1.06-1.06L10.94 12 3.97 5.03a.75.75 0 010-1.06z"
        fill-rule="evenodd"
      />
    </svg>
  </div>
</div>
`;
