// Jest Snapshot v1, https://goo.gl/fbAQLP

exports[`renders correctly 1`] = `
<div
  class="selector"
  data-testid="choice-selector"
>
  <div
    class="label"
  >
    Choose stuff
  </div>
  <div
    class="select-div"
  >
    <div
      class="container"
      data-testid="select"
      style="font-size: 1.2rem;"
    >
      <button
        aria-expanded="false"
        aria-haspopup="listbox"
        class="button"
        data-testid="select-button"
        type="button"
      >
        —
        <svg
          aria-hidden="true"
          class="icon"
          fill="currentColor"
          viewBox="0 0 24 24"
          xmlns="http://www.w3.org/2000/svg"
        >
          <path
            clip-rule="evenodd"
            d="M12.53 16.28a.75.75 0 01-1.06 0l-7.5-7.5a.75.75 0 011.06-1.06L12 14.69l6.97-6.97a.75.75 0 111.06 1.06l-7.5 7.5z"
            fill-rule="evenodd"
          />
        </svg>
      </button>
      <ul
        aria-activedescendant="—"
        class="list"
        data-testid="select-list"
        role="listbox"
        style="display: none;"
        tabindex="-1"
      >
        <li
          aria-selected="true"
          class="item selected"
          data-testid="data-blank"
          role="option"
          tabindex="0"
        >
          —
        </li>
        <li
          aria-selected="false"
          class="item"
          data-testid="data-foo"
          role="option"
          tabindex="0"
        >
          Foo
        </li>
        <li
          aria-selected="false"
          class="item"
          data-testid="data-bar"
          role="option"
          tabindex="0"
        >
          Bar
        </li>
        <li
          aria-selected="false"
          class="item"
          data-testid="data-baz"
          role="option"
          tabindex="0"
        >
          Baz
        </li>
      </ul>
    </div>
    <div
      class="container"
      data-testid="select"
      style="font-size: 1.2rem;"
    >
      <button
        aria-expanded="false"
        aria-haspopup="listbox"
        class="button"
        data-testid="select-button"
        type="button"
      >
        —
        <svg
          aria-hidden="true"
          class="icon"
          fill="currentColor"
          viewBox="0 0 24 24"
          xmlns="http://www.w3.org/2000/svg"
        >
          <path
            clip-rule="evenodd"
            d="M12.53 16.28a.75.75 0 01-1.06 0l-7.5-7.5a.75.75 0 011.06-1.06L12 14.69l6.97-6.97a.75.75 0 111.06 1.06l-7.5 7.5z"
            fill-rule="evenodd"
          />
        </svg>
      </button>
      <ul
        aria-activedescendant="—"
        class="list"
        data-testid="select-list"
        role="listbox"
        style="display: none;"
        tabindex="-1"
      >
        <li
          aria-selected="true"
          class="item selected"
          data-testid="data-blank"
          role="option"
          tabindex="0"
        >
          —
        </li>
        <li
          aria-selected="false"
          class="item"
          data-testid="data-foo"
          role="option"
          tabindex="0"
        >
          Foo
        </li>
        <li
          aria-selected="false"
          class="item"
          data-testid="data-bar"
          role="option"
          tabindex="0"
        >
          Bar
        </li>
        <li
          aria-selected="false"
          class="item"
          data-testid="data-baz"
          role="option"
          tabindex="0"
        >
          Baz
        </li>
      </ul>
    </div>
  </div>
  <div
    class="button-div"
  >
    <button
      class="button negative"
      style="font-size: 1.3rem; padding: 1rem; margin: 0.25rem;"
      type="button"
    >
      Reset
    </button>
  </div>
</div>
`;
