// Jest Snapshot v1, https://goo.gl/fbAQLP

exports[`renders correctly 1`] = `
<div
  class="container"
  data-testid="container"
>
  <div
    class="validator no-match"
  >
    <svg
      aria-hidden="true"
      class="icon x"
      fill="currentColor"
      viewBox="0 0 24 24"
      xmlns="http://www.w3.org/2000/svg"
    >
      <path
        clip-rule="evenodd"
        d="M3.97 3.97a.75.75 0 011.06 0L12 10.94l6.97-6.97a.75.75 0 111.06 1.06L13.06 12l6.97 6.97a.75.75 0 11-1.06 1.06L12 13.06l-6.97 6.97a.75.75 0 01-1.06-1.06L10.94 12 3.97 5.03a.75.75 0 010-1.06z"
        fill-rule="evenodd"
      />
    </svg>
     
    At least 8 characters long
  </div>
  <div
    class="validator no-match"
  >
    <svg
      aria-hidden="true"
      class="icon x"
      fill="currentColor"
      viewBox="0 0 24 24"
      xmlns="http://www.w3.org/2000/svg"
    >
      <path
        clip-rule="evenodd"
        d="M3.97 3.97a.75.75 0 011.06 0L12 10.94l6.97-6.97a.75.75 0 111.06 1.06L13.06 12l6.97 6.97a.75.75 0 11-1.06 1.06L12 13.06l-6.97 6.97a.75.75 0 01-1.06-1.06L10.94 12 3.97 5.03a.75.75 0 010-1.06z"
        fill-rule="evenodd"
      />
    </svg>
     
    At least 1 lowercase letter
  </div>
  <div
    class="validator no-match"
  >
    <svg
      aria-hidden="true"
      class="icon x"
      fill="currentColor"
      viewBox="0 0 24 24"
      xmlns="http://www.w3.org/2000/svg"
    >
      <path
        clip-rule="evenodd"
        d="M3.97 3.97a.75.75 0 011.06 0L12 10.94l6.97-6.97a.75.75 0 111.06 1.06L13.06 12l6.97 6.97a.75.75 0 11-1.06 1.06L12 13.06l-6.97 6.97a.75.75 0 01-1.06-1.06L10.94 12 3.97 5.03a.75.75 0 010-1.06z"
        fill-rule="evenodd"
      />
    </svg>
     
    At least 1 uppercase letter
  </div>
  <div
    class="validator no-match"
  >
    <svg
      aria-hidden="true"
      class="icon x"
      fill="currentColor"
      viewBox="0 0 24 24"
      xmlns="http://www.w3.org/2000/svg"
    >
      <path
        clip-rule="evenodd"
        d="M3.97 3.97a.75.75 0 011.06 0L12 10.94l6.97-6.97a.75.75 0 111.06 1.06L13.06 12l6.97 6.97a.75.75 0 11-1.06 1.06L12 13.06l-6.97 6.97a.75.75 0 01-1.06-1.06L10.94 12 3.97 5.03a.75.75 0 010-1.06z"
        fill-rule="evenodd"
      />
    </svg>
     
    At least 1 number
  </div>
  <div
    class="validator no-match"
  >
    <svg
      aria-hidden="true"
      class="icon x"
      fill="currentColor"
      viewBox="0 0 24 24"
      xmlns="http://www.w3.org/2000/svg"
    >
      <path
        clip-rule="evenodd"
        d="M3.97 3.97a.75.75 0 011.06 0L12 10.94l6.97-6.97a.75.75 0 111.06 1.06L13.06 12l6.97 6.97a.75.75 0 11-1.06 1.06L12 13.06l-6.97 6.97a.75.75 0 01-1.06-1.06L10.94 12 3.97 5.03a.75.75 0 010-1.06z"
        fill-rule="evenodd"
      />
    </svg>
     
    At least 1 special character
  </div>
</div>
`;

exports[`renders correctly 2`] = `
<div
  class="container"
  data-testid="container"
>
  <div
    class="validator no-match"
  >
    <svg
      aria-hidden="true"
      class="icon x"
      fill="currentColor"
      viewBox="0 0 24 24"
      xmlns="http://www.w3.org/2000/svg"
    >
      <path
        clip-rule="evenodd"
        d="M3.97 3.97a.75.75 0 011.06 0L12 10.94l6.97-6.97a.75.75 0 111.06 1.06L13.06 12l6.97 6.97a.75.75 0 11-1.06 1.06L12 13.06l-6.97 6.97a.75.75 0 01-1.06-1.06L10.94 12 3.97 5.03a.75.75 0 010-1.06z"
        fill-rule="evenodd"
      />
    </svg>
     
    At least 8 characters long
  </div>
  <div
    class="validator no-match"
  >
    <svg
      aria-hidden="true"
      class="icon x"
      fill="currentColor"
      viewBox="0 0 24 24"
      xmlns="http://www.w3.org/2000/svg"
    >
      <path
        clip-rule="evenodd"
        d="M3.97 3.97a.75.75 0 011.06 0L12 10.94l6.97-6.97a.75.75 0 111.06 1.06L13.06 12l6.97 6.97a.75.75 0 11-1.06 1.06L12 13.06l-6.97 6.97a.75.75 0 01-1.06-1.06L10.94 12 3.97 5.03a.75.75 0 010-1.06z"
        fill-rule="evenodd"
      />
    </svg>
     
    At least 1 lowercase letter
  </div>
  <div
    class="validator no-match"
  >
    <svg
      aria-hidden="true"
      class="icon x"
      fill="currentColor"
      viewBox="0 0 24 24"
      xmlns="http://www.w3.org/2000/svg"
    >
      <path
        clip-rule="evenodd"
        d="M3.97 3.97a.75.75 0 011.06 0L12 10.94l6.97-6.97a.75.75 0 111.06 1.06L13.06 12l6.97 6.97a.75.75 0 11-1.06 1.06L12 13.06l-6.97 6.97a.75.75 0 01-1.06-1.06L10.94 12 3.97 5.03a.75.75 0 010-1.06z"
        fill-rule="evenodd"
      />
    </svg>
     
    At least 1 uppercase letter
  </div>
  <div
    class="validator no-match"
  >
    <svg
      aria-hidden="true"
      class="icon x"
      fill="currentColor"
      viewBox="0 0 24 24"
      xmlns="http://www.w3.org/2000/svg"
    >
      <path
        clip-rule="evenodd"
        d="M3.97 3.97a.75.75 0 011.06 0L12 10.94l6.97-6.97a.75.75 0 111.06 1.06L13.06 12l6.97 6.97a.75.75 0 11-1.06 1.06L12 13.06l-6.97 6.97a.75.75 0 01-1.06-1.06L10.94 12 3.97 5.03a.75.75 0 010-1.06z"
        fill-rule="evenodd"
      />
    </svg>
     
    At least 1 number
  </div>
  <div
    class="validator no-match"
  >
    <svg
      aria-hidden="true"
      class="icon x"
      fill="currentColor"
      viewBox="0 0 24 24"
      xmlns="http://www.w3.org/2000/svg"
    >
      <path
        clip-rule="evenodd"
        d="M3.97 3.97a.75.75 0 011.06 0L12 10.94l6.97-6.97a.75.75 0 111.06 1.06L13.06 12l6.97 6.97a.75.75 0 11-1.06 1.06L12 13.06l-6.97 6.97a.75.75 0 01-1.06-1.06L10.94 12 3.97 5.03a.75.75 0 010-1.06z"
        fill-rule="evenodd"
      />
    </svg>
     
    At least 1 special character
  </div>
</div>
`;

exports[`renders correctly 3`] = `
<div
  class="container"
  data-testid="container"
>
  <div
    class="validator no-match"
  >
    <svg
      aria-hidden="true"
      class="icon x"
      fill="currentColor"
      viewBox="0 0 24 24"
      xmlns="http://www.w3.org/2000/svg"
    >
      <path
        clip-rule="evenodd"
        d="M3.97 3.97a.75.75 0 011.06 0L12 10.94l6.97-6.97a.75.75 0 111.06 1.06L13.06 12l6.97 6.97a.75.75 0 11-1.06 1.06L12 13.06l-6.97 6.97a.75.75 0 01-1.06-1.06L10.94 12 3.97 5.03a.75.75 0 010-1.06z"
        fill-rule="evenodd"
      />
    </svg>
     
    At least 8 characters long
  </div>
  <div
    class="validator match"
  >
    <svg
      aria-hidden="true"
      class="icon check"
      fill="currentColor"
      viewBox="0 0 24 24"
      xmlns="http://www.w3.org/2000/svg"
    >
      <path
        clip-rule="evenodd"
        d="M21.436 3.89a.75.75 0 01.174 1.046l-11.25 15.75a.75.75 0 01-1.14.094l-6.75-6.75a.75.75 0 011.06-1.06l6.124 6.124L20.39 4.064a.75.75 0 011.046-.174z"
        fill-rule="evenodd"
      />
    </svg>
     
    At least 1 lowercase letter
  </div>
  <div
    class="validator no-match"
  >
    <svg
      aria-hidden="true"
      class="icon x"
      fill="currentColor"
      viewBox="0 0 24 24"
      xmlns="http://www.w3.org/2000/svg"
    >
      <path
        clip-rule="evenodd"
        d="M3.97 3.97a.75.75 0 011.06 0L12 10.94l6.97-6.97a.75.75 0 111.06 1.06L13.06 12l6.97 6.97a.75.75 0 11-1.06 1.06L12 13.06l-6.97 6.97a.75.75 0 01-1.06-1.06L10.94 12 3.97 5.03a.75.75 0 010-1.06z"
        fill-rule="evenodd"
      />
    </svg>
     
    At least 1 uppercase letter
  </div>
  <div
    class="validator no-match"
  >
    <svg
      aria-hidden="true"
      class="icon x"
      fill="currentColor"
      viewBox="0 0 24 24"
      xmlns="http://www.w3.org/2000/svg"
    >
      <path
        clip-rule="evenodd"
        d="M3.97 3.97a.75.75 0 011.06 0L12 10.94l6.97-6.97a.75.75 0 111.06 1.06L13.06 12l6.97 6.97a.75.75 0 11-1.06 1.06L12 13.06l-6.97 6.97a.75.75 0 01-1.06-1.06L10.94 12 3.97 5.03a.75.75 0 010-1.06z"
        fill-rule="evenodd"
      />
    </svg>
     
    At least 1 number
  </div>
  <div
    class="validator no-match"
  >
    <svg
      aria-hidden="true"
      class="icon x"
      fill="currentColor"
      viewBox="0 0 24 24"
      xmlns="http://www.w3.org/2000/svg"
    >
      <path
        clip-rule="evenodd"
        d="M3.97 3.97a.75.75 0 011.06 0L12 10.94l6.97-6.97a.75.75 0 111.06 1.06L13.06 12l6.97 6.97a.75.75 0 11-1.06 1.06L12 13.06l-6.97 6.97a.75.75 0 01-1.06-1.06L10.94 12 3.97 5.03a.75.75 0 010-1.06z"
        fill-rule="evenodd"
      />
    </svg>
     
    At least 1 special character
  </div>
</div>
`;

exports[`renders correctly 4`] = `
<div
  class="container"
  data-testid="container"
>
  <div
    class="validator no-match"
  >
    <svg
      aria-hidden="true"
      class="icon x"
      fill="currentColor"
      viewBox="0 0 24 24"
      xmlns="http://www.w3.org/2000/svg"
    >
      <path
        clip-rule="evenodd"
        d="M3.97 3.97a.75.75 0 011.06 0L12 10.94l6.97-6.97a.75.75 0 111.06 1.06L13.06 12l6.97 6.97a.75.75 0 11-1.06 1.06L12 13.06l-6.97 6.97a.75.75 0 01-1.06-1.06L10.94 12 3.97 5.03a.75.75 0 010-1.06z"
        fill-rule="evenodd"
      />
    </svg>
     
    At least 8 characters long
  </div>
  <div
    class="validator no-match"
  >
    <svg
      aria-hidden="true"
      class="icon x"
      fill="currentColor"
      viewBox="0 0 24 24"
      xmlns="http://www.w3.org/2000/svg"
    >
      <path
        clip-rule="evenodd"
        d="M3.97 3.97a.75.75 0 011.06 0L12 10.94l6.97-6.97a.75.75 0 111.06 1.06L13.06 12l6.97 6.97a.75.75 0 11-1.06 1.06L12 13.06l-6.97 6.97a.75.75 0 01-1.06-1.06L10.94 12 3.97 5.03a.75.75 0 010-1.06z"
        fill-rule="evenodd"
      />
    </svg>
     
    At least 1 lowercase letter
  </div>
  <div
    class="validator match"
  >
    <svg
      aria-hidden="true"
      class="icon check"
      fill="currentColor"
      viewBox="0 0 24 24"
      xmlns="http://www.w3.org/2000/svg"
    >
      <path
        clip-rule="evenodd"
        d="M21.436 3.89a.75.75 0 01.174 1.046l-11.25 15.75a.75.75 0 01-1.14.094l-6.75-6.75a.75.75 0 011.06-1.06l6.124 6.124L20.39 4.064a.75.75 0 011.046-.174z"
        fill-rule="evenodd"
      />
    </svg>
     
    At least 1 uppercase letter
  </div>
  <div
    class="validator no-match"
  >
    <svg
      aria-hidden="true"
      class="icon x"
      fill="currentColor"
      viewBox="0 0 24 24"
      xmlns="http://www.w3.org/2000/svg"
    >
      <path
        clip-rule="evenodd"
        d="M3.97 3.97a.75.75 0 011.06 0L12 10.94l6.97-6.97a.75.75 0 111.06 1.06L13.06 12l6.97 6.97a.75.75 0 11-1.06 1.06L12 13.06l-6.97 6.97a.75.75 0 01-1.06-1.06L10.94 12 3.97 5.03a.75.75 0 010-1.06z"
        fill-rule="evenodd"
      />
    </svg>
     
    At least 1 number
  </div>
  <div
    class="validator no-match"
  >
    <svg
      aria-hidden="true"
      class="icon x"
      fill="currentColor"
      viewBox="0 0 24 24"
      xmlns="http://www.w3.org/2000/svg"
    >
      <path
        clip-rule="evenodd"
        d="M3.97 3.97a.75.75 0 011.06 0L12 10.94l6.97-6.97a.75.75 0 111.06 1.06L13.06 12l6.97 6.97a.75.75 0 11-1.06 1.06L12 13.06l-6.97 6.97a.75.75 0 01-1.06-1.06L10.94 12 3.97 5.03a.75.75 0 010-1.06z"
        fill-rule="evenodd"
      />
    </svg>
     
    At least 1 special character
  </div>
</div>
`;

exports[`renders correctly 5`] = `
<div
  class="container"
  data-testid="container"
>
  <div
    class="validator match"
  >
    <svg
      aria-hidden="true"
      class="icon check"
      fill="currentColor"
      viewBox="0 0 24 24"
      xmlns="http://www.w3.org/2000/svg"
    >
      <path
        clip-rule="evenodd"
        d="M21.436 3.89a.75.75 0 01.174 1.046l-11.25 15.75a.75.75 0 01-1.14.094l-6.75-6.75a.75.75 0 011.06-1.06l6.124 6.124L20.39 4.064a.75.75 0 011.046-.174z"
        fill-rule="evenodd"
      />
    </svg>
     
    At least 8 characters long
  </div>
  <div
    class="validator match"
  >
    <svg
      aria-hidden="true"
      class="icon check"
      fill="currentColor"
      viewBox="0 0 24 24"
      xmlns="http://www.w3.org/2000/svg"
    >
      <path
        clip-rule="evenodd"
        d="M21.436 3.89a.75.75 0 01.174 1.046l-11.25 15.75a.75.75 0 01-1.14.094l-6.75-6.75a.75.75 0 011.06-1.06l6.124 6.124L20.39 4.064a.75.75 0 011.046-.174z"
        fill-rule="evenodd"
      />
    </svg>
     
    At least 1 lowercase letter
  </div>
  <div
    class="validator no-match"
  >
    <svg
      aria-hidden="true"
      class="icon x"
      fill="currentColor"
      viewBox="0 0 24 24"
      xmlns="http://www.w3.org/2000/svg"
    >
      <path
        clip-rule="evenodd"
        d="M3.97 3.97a.75.75 0 011.06 0L12 10.94l6.97-6.97a.75.75 0 111.06 1.06L13.06 12l6.97 6.97a.75.75 0 11-1.06 1.06L12 13.06l-6.97 6.97a.75.75 0 01-1.06-1.06L10.94 12 3.97 5.03a.75.75 0 010-1.06z"
        fill-rule="evenodd"
      />
    </svg>
     
    At least 1 uppercase letter
  </div>
  <div
    class="validator match"
  >
    <svg
      aria-hidden="true"
      class="icon check"
      fill="currentColor"
      viewBox="0 0 24 24"
      xmlns="http://www.w3.org/2000/svg"
    >
      <path
        clip-rule="evenodd"
        d="M21.436 3.89a.75.75 0 01.174 1.046l-11.25 15.75a.75.75 0 01-1.14.094l-6.75-6.75a.75.75 0 011.06-1.06l6.124 6.124L20.39 4.064a.75.75 0 011.046-.174z"
        fill-rule="evenodd"
      />
    </svg>
     
    At least 1 number
  </div>
  <div
    class="validator no-match"
  >
    <svg
      aria-hidden="true"
      class="icon x"
      fill="currentColor"
      viewBox="0 0 24 24"
      xmlns="http://www.w3.org/2000/svg"
    >
      <path
        clip-rule="evenodd"
        d="M3.97 3.97a.75.75 0 011.06 0L12 10.94l6.97-6.97a.75.75 0 111.06 1.06L13.06 12l6.97 6.97a.75.75 0 11-1.06 1.06L12 13.06l-6.97 6.97a.75.75 0 01-1.06-1.06L10.94 12 3.97 5.03a.75.75 0 010-1.06z"
        fill-rule="evenodd"
      />
    </svg>
     
    At least 1 special character
  </div>
</div>
`;

exports[`renders correctly 6`] = `
<div
  class="container"
  data-testid="container"
>
  <div
    class="validator no-match"
  >
    <svg
      aria-hidden="true"
      class="icon x"
      fill="currentColor"
      viewBox="0 0 24 24"
      xmlns="http://www.w3.org/2000/svg"
    >
      <path
        clip-rule="evenodd"
        d="M3.97 3.97a.75.75 0 011.06 0L12 10.94l6.97-6.97a.75.75 0 111.06 1.06L13.06 12l6.97 6.97a.75.75 0 11-1.06 1.06L12 13.06l-6.97 6.97a.75.75 0 01-1.06-1.06L10.94 12 3.97 5.03a.75.75 0 010-1.06z"
        fill-rule="evenodd"
      />
    </svg>
     
    At least 8 characters long
  </div>
  <div
    class="validator no-match"
  >
    <svg
      aria-hidden="true"
      class="icon x"
      fill="currentColor"
      viewBox="0 0 24 24"
      xmlns="http://www.w3.org/2000/svg"
    >
      <path
        clip-rule="evenodd"
        d="M3.97 3.97a.75.75 0 011.06 0L12 10.94l6.97-6.97a.75.75 0 111.06 1.06L13.06 12l6.97 6.97a.75.75 0 11-1.06 1.06L12 13.06l-6.97 6.97a.75.75 0 01-1.06-1.06L10.94 12 3.97 5.03a.75.75 0 010-1.06z"
        fill-rule="evenodd"
      />
    </svg>
     
    At least 1 lowercase letter
  </div>
  <div
    class="validator no-match"
  >
    <svg
      aria-hidden="true"
      class="icon x"
      fill="currentColor"
      viewBox="0 0 24 24"
      xmlns="http://www.w3.org/2000/svg"
    >
      <path
        clip-rule="evenodd"
        d="M3.97 3.97a.75.75 0 011.06 0L12 10.94l6.97-6.97a.75.75 0 111.06 1.06L13.06 12l6.97 6.97a.75.75 0 11-1.06 1.06L12 13.06l-6.97 6.97a.75.75 0 01-1.06-1.06L10.94 12 3.97 5.03a.75.75 0 010-1.06z"
        fill-rule="evenodd"
      />
    </svg>
     
    At least 1 uppercase letter
  </div>
  <div
    class="validator match"
  >
    <svg
      aria-hidden="true"
      class="icon check"
      fill="currentColor"
      viewBox="0 0 24 24"
      xmlns="http://www.w3.org/2000/svg"
    >
      <path
        clip-rule="evenodd"
        d="M21.436 3.89a.75.75 0 01.174 1.046l-11.25 15.75a.75.75 0 01-1.14.094l-6.75-6.75a.75.75 0 011.06-1.06l6.124 6.124L20.39 4.064a.75.75 0 011.046-.174z"
        fill-rule="evenodd"
      />
    </svg>
     
    At least 1 number
  </div>
  <div
    class="validator no-match"
  >
    <svg
      aria-hidden="true"
      class="icon x"
      fill="currentColor"
      viewBox="0 0 24 24"
      xmlns="http://www.w3.org/2000/svg"
    >
      <path
        clip-rule="evenodd"
        d="M3.97 3.97a.75.75 0 011.06 0L12 10.94l6.97-6.97a.75.75 0 111.06 1.06L13.06 12l6.97 6.97a.75.75 0 11-1.06 1.06L12 13.06l-6.97 6.97a.75.75 0 01-1.06-1.06L10.94 12 3.97 5.03a.75.75 0 010-1.06z"
        fill-rule="evenodd"
      />
    </svg>
     
    At least 1 special character
  </div>
</div>
`;

exports[`renders correctly 7`] = `
<div
  class="container"
  data-testid="container"
>
  <div
    class="validator no-match"
  >
    <svg
      aria-hidden="true"
      class="icon x"
      fill="currentColor"
      viewBox="0 0 24 24"
      xmlns="http://www.w3.org/2000/svg"
    >
      <path
        clip-rule="evenodd"
        d="M3.97 3.97a.75.75 0 011.06 0L12 10.94l6.97-6.97a.75.75 0 111.06 1.06L13.06 12l6.97 6.97a.75.75 0 11-1.06 1.06L12 13.06l-6.97 6.97a.75.75 0 01-1.06-1.06L10.94 12 3.97 5.03a.75.75 0 010-1.06z"
        fill-rule="evenodd"
      />
    </svg>
     
    At least 8 characters long
  </div>
  <div
    class="validator no-match"
  >
    <svg
      aria-hidden="true"
      class="icon x"
      fill="currentColor"
      viewBox="0 0 24 24"
      xmlns="http://www.w3.org/2000/svg"
    >
      <path
        clip-rule="evenodd"
        d="M3.97 3.97a.75.75 0 011.06 0L12 10.94l6.97-6.97a.75.75 0 111.06 1.06L13.06 12l6.97 6.97a.75.75 0 11-1.06 1.06L12 13.06l-6.97 6.97a.75.75 0 01-1.06-1.06L10.94 12 3.97 5.03a.75.75 0 010-1.06z"
        fill-rule="evenodd"
      />
    </svg>
     
    At least 1 lowercase letter
  </div>
  <div
    class="validator no-match"
  >
    <svg
      aria-hidden="true"
      class="icon x"
      fill="currentColor"
      viewBox="0 0 24 24"
      xmlns="http://www.w3.org/2000/svg"
    >
      <path
        clip-rule="evenodd"
        d="M3.97 3.97a.75.75 0 011.06 0L12 10.94l6.97-6.97a.75.75 0 111.06 1.06L13.06 12l6.97 6.97a.75.75 0 11-1.06 1.06L12 13.06l-6.97 6.97a.75.75 0 01-1.06-1.06L10.94 12 3.97 5.03a.75.75 0 010-1.06z"
        fill-rule="evenodd"
      />
    </svg>
     
    At least 1 uppercase letter
  </div>
  <div
    class="validator no-match"
  >
    <svg
      aria-hidden="true"
      class="icon x"
      fill="currentColor"
      viewBox="0 0 24 24"
      xmlns="http://www.w3.org/2000/svg"
    >
      <path
        clip-rule="evenodd"
        d="M3.97 3.97a.75.75 0 011.06 0L12 10.94l6.97-6.97a.75.75 0 111.06 1.06L13.06 12l6.97 6.97a.75.75 0 11-1.06 1.06L12 13.06l-6.97 6.97a.75.75 0 01-1.06-1.06L10.94 12 3.97 5.03a.75.75 0 010-1.06z"
        fill-rule="evenodd"
      />
    </svg>
     
    At least 1 number
  </div>
  <div
    class="validator match"
  >
    <svg
      aria-hidden="true"
      class="icon check"
      fill="currentColor"
      viewBox="0 0 24 24"
      xmlns="http://www.w3.org/2000/svg"
    >
      <path
        clip-rule="evenodd"
        d="M21.436 3.89a.75.75 0 01.174 1.046l-11.25 15.75a.75.75 0 01-1.14.094l-6.75-6.75a.75.75 0 011.06-1.06l6.124 6.124L20.39 4.064a.75.75 0 011.046-.174z"
        fill-rule="evenodd"
      />
    </svg>
     
    At least 1 special character
  </div>
</div>
`;

exports[`renders correctly 8`] = `
<div
  class="container"
  data-testid="container"
>
  <div
    class="validator match"
  >
    <svg
      aria-hidden="true"
      class="icon check"
      fill="currentColor"
      viewBox="0 0 24 24"
      xmlns="http://www.w3.org/2000/svg"
    >
      <path
        clip-rule="evenodd"
        d="M21.436 3.89a.75.75 0 01.174 1.046l-11.25 15.75a.75.75 0 01-1.14.094l-6.75-6.75a.75.75 0 011.06-1.06l6.124 6.124L20.39 4.064a.75.75 0 011.046-.174z"
        fill-rule="evenodd"
      />
    </svg>
     
    At least 8 characters long
  </div>
  <div
    class="validator match"
  >
    <svg
      aria-hidden="true"
      class="icon check"
      fill="currentColor"
      viewBox="0 0 24 24"
      xmlns="http://www.w3.org/2000/svg"
    >
      <path
        clip-rule="evenodd"
        d="M21.436 3.89a.75.75 0 01.174 1.046l-11.25 15.75a.75.75 0 01-1.14.094l-6.75-6.75a.75.75 0 011.06-1.06l6.124 6.124L20.39 4.064a.75.75 0 011.046-.174z"
        fill-rule="evenodd"
      />
    </svg>
     
    At least 1 lowercase letter
  </div>
  <div
    class="validator match"
  >
    <svg
      aria-hidden="true"
      class="icon check"
      fill="currentColor"
      viewBox="0 0 24 24"
      xmlns="http://www.w3.org/2000/svg"
    >
      <path
        clip-rule="evenodd"
        d="M21.436 3.89a.75.75 0 01.174 1.046l-11.25 15.75a.75.75 0 01-1.14.094l-6.75-6.75a.75.75 0 011.06-1.06l6.124 6.124L20.39 4.064a.75.75 0 011.046-.174z"
        fill-rule="evenodd"
      />
    </svg>
     
    At least 1 uppercase letter
  </div>
  <div
    class="validator match"
  >
    <svg
      aria-hidden="true"
      class="icon check"
      fill="currentColor"
      viewBox="0 0 24 24"
      xmlns="http://www.w3.org/2000/svg"
    >
      <path
        clip-rule="evenodd"
        d="M21.436 3.89a.75.75 0 01.174 1.046l-11.25 15.75a.75.75 0 01-1.14.094l-6.75-6.75a.75.75 0 011.06-1.06l6.124 6.124L20.39 4.064a.75.75 0 011.046-.174z"
        fill-rule="evenodd"
      />
    </svg>
     
    At least 1 number
  </div>
  <div
    class="validator match"
  >
    <svg
      aria-hidden="true"
      class="icon check"
      fill="currentColor"
      viewBox="0 0 24 24"
      xmlns="http://www.w3.org/2000/svg"
    >
      <path
        clip-rule="evenodd"
        d="M21.436 3.89a.75.75 0 01.174 1.046l-11.25 15.75a.75.75 0 01-1.14.094l-6.75-6.75a.75.75 0 011.06-1.06l6.124 6.124L20.39 4.064a.75.75 0 011.046-.174z"
        fill-rule="evenodd"
      />
    </svg>
     
    At least 1 special character
  </div>
</div>
`;
