// Jest Snapshot v1, https://goo.gl/fbAQLP

exports[`renders correctly 1`] = `
<div
  class="container"
  data-testid="container"
>
  <div
    class="validator no-match"
  >
    <svg
      aria-hidden="true"
      class="icon x"
      fill="currentColor"
      viewBox="0 0 24 24"
      xmlns="http://www.w3.org/2000/svg"
    >
      <path
        clip-rule="evenodd"
        d="M3.97 3.97a.75.75 0 011.06 0L12 10.94l6.97-6.97a.75.75 0 111.06 1.06L13.06 12l6.97 6.97a.75.75 0 11-1.06 1.06L12 13.06l-6.97 6.97a.75.75 0 01-1.06-1.06L10.94 12 3.97 5.03a.75.75 0 010-1.06z"
        fill-rule="evenodd"
      />
    </svg>
     
    At least 8 characters long
  </div>
  <div
    class="validator no-match"
  >
    <svg
      aria-hidden="true"
      class="icon x"
      fill="currentColor"
      viewBox="0 0 24 24"
      xmlns="http://www.w3.org/2000/svg"
    >
      <path
        clip-rule="evenodd"
        d="M3.97 3.97a.75.75 0 011.06 0L12 10.94l6.97-6.97a.75.75 0 111.06 1.06L13.06 12l6.97 6.97a.75.75 0 11-1.06 1.06L12 13.06l-6.97 6.97a.75.75 0 01-1.06-1.06L10.94 12 3.97 5.03a.75.75 0 010-1.06z"
        fill-rule="evenodd"
      />
    </svg>
     
    At least 1 lowercase letter
  </div>
  <div
    class="validator no-match"
  >
    <svg
      aria-hidden="true"
      class="icon x"
      fill="currentColor"
      viewBox="0 0 24 24"
      xmlns="http://www.w3.org/2000/svg"
    >
      <path
        clip-rule="evenodd"
        d="M3.97 3.97a.75.75 0 011.06 0L12 10.94l6.97-6.97a.75.75 0 111.06 1.06L13.06 12l6.97 6.97a.75.75 0 11-1.06 1.06L12 13.06l-6.97 6.97a.75.75 0 01-1.06-1.06L10.94 12 3.97 5.03a.75.75 0 010-1.06z"
        fill-rule="evenodd"
      />
    </svg>
     
    At least 1 uppercase letter
  </div>
  <div
    class="validator no-match"
  >
    <svg
      aria-hidden="true"
      class="icon x"
      fill="currentColor"
      viewBox="0 0 24 24"
      xmlns="http://www.w3.org/2000/svg"
    >
      <path
        clip-rule="evenodd"
        d="M3.97 3.97a.75.75 0 011.06 0L12 10.94l6.97-6.97a.75.75 0 111.06 1.06L13.06 12l6.97 6.97a.75.75 0 11-1.06 1.06L12 13.06l-6.97 6.97a.75.75 0 01-1.06-1.06L10.94 12 3.97 5.03a.75.75 0 010-1.06z"
        fill-rule="evenodd"
      />
    </svg>
     
    At least 1 number
  </div>
  <div
    class="validator no-match"
  >
    <svg
      aria-hidden="true"
      class="icon x"
      fill="currentColor"
      viewBox="0 0 24 24"
      xmlns="http://www.w3.org/2000/svg"
    >
      <path
        clip-rule="evenodd"
        d="M3.97 3.97a.75.75 0 011.06 0L12 10.94l6.97-6.97a.75.75 0 111.06 1.06L13.06 12l6.97 6.97a.75.75 0 11-1.06 1.06L12 13.06l-6.97 6.97a.75.75 0 01-1.06-1.06L10.94 12 3.97 5.03a.75.75 0 010-1.06z"
        fill-rule="evenodd"
      />
    </svg>
     
    At least 1 special character
  </div>
</div>
`;

exports[`renders correctly 2`] = `
<div
  class="container"
  data-testid="container"
>
  <div
    class="validator no-match"
  >
    <svg
      aria-hidden="true"
      class="icon x"
      fill="currentColor"
      viewBox="0 0 24 24"
      xmlns="http://www.w3.org/2000/svg"
    >
      <path
        clip-rule="evenodd"
        d="M3.97 3.97a.75.75 0 011.06 0L12 10.94l6.97-6.97a.75.75 0 111.06 1.06L13.06 12l6.97 6.97a.75.75 0 11-1.06 1.06L12 13.06l-6.97 6.97a.75.75 0 01-1.06-1.06L10.94 12 3.97 5.03a.75.75 0 010-1.06z"
        fill-rule="evenodd"
      />
    </svg>
     
    At least 8 characters long
  </div>
  <div
    class="validator no-match"
  >
    <svg
      aria-hidden="true"
      class="icon x"
      fill="currentColor"
      viewBox="0 0 24 24"
      xmlns="http://www.w3.org/2000/svg"
    >
      <path
        clip-rule="evenodd"
        d="M3.97 3.97a.75.75 0 011.06 0L12 10.94l6.97-6.97a.75.75 0 111.06 1.06L13.06 12l6.97 6.97a.75.75 0 11-1.06 1.06L12 13.06l-6.97 6.97a.75.75 0 01-1.06-1.06L10.94 12 3.97 5.03a.75.75 0 010-1.06z"
        fill-rule="evenodd"
      />
    </svg>
     
    At least 1 lowercase letter
  </div>
  <div
    class="validator no-match"
  >
    <svg
      aria-hidden="true"
      class="icon x"
      fill="currentColor"
      viewBox="0 0 24 24"
      xmlns="http://www.w3.org/2000/svg"
    >
      <path
        clip-rule="evenodd"
        d="M3.97 3.97a.75.75 0 011.06 0L12 10.94l6.97-6.97a.75.75 0 111.06 1.06L13.06 12l6.97 6.97a.75.75 0 11-1.06 1.06L12 13.06l-6.97 6.97a.75.75 0 01-1.06-1.06L10.94 12 3.97 5.03a.75.75 0 010-1.06z"
        fill-rule="evenodd"
      />
    </svg>
     
    At least 1 uppercase letter
  </div>
  <div
    class="validator no-match"
  >
    <svg
      aria-hidden="true"
      class="icon x"
      fill="currentColor"
      viewBox="0 0 24 24"
      xmlns="http://www.w3.org/2000/svg"
    >
      <path
        clip-rule="evenodd"
        d="M3.97 3.97a.75.75 0 011.06 0L12 10.94l6.97-6.97a.75.75 0 111.06 1.06L13.06 12l6.97 6.97a.75.75 0 11-1.06 1.06L12 13.06l-6.97 6.97a.75.75 0 01-1.06-1.06L10.94 12 3.97 5.03a.75.75 0 010-1.06z"
        fill-rule="evenodd"
      />
    </svg>
     
    At least 1 number
  </div>
  <div
    class="validator no-match"
  >
    <svg
      aria-hidden="true"
      class="icon x"
      fill="currentColor"
      viewBox="0 0 24 24"
      xmlns="http://www.w3.org/2000/svg"
    >
      <path
        clip-rule="evenodd"
        d="M3.97 3.97a.75.75 0 011.06 0L12 10.94l6.97-6.97a.75.75 0 111.06 1.06L13.06 12l6.97 6.97a.75.75 0 11-1.06 1.06L12 13.06l-6.97 6.97a.75.75 0 01-1.06-1.06L10.94 12 3.97 5.03a.75.75 0 010-1.06z"
        fill-rule="evenodd"
      />
    </svg>
     
    At least 1 special character
  </div>
</div>
`;

exports[`renders correctly 3`] = `
<div
  class="container"
  data-testid="container"
>
  <div
    class="validator no-match"
  >
    <svg
      aria-hidden="true"
      class="icon x"
      fill="currentColor"
      viewBox="0 0 24 24"
      xmlns="http://www.w3.org/2000/svg"
    >
      <path
        clip-rule="evenodd"
        d="M3.97 3.97a.75.75 0 011.06 0L12 10.94l6.97-6.97a.75.75 0 111.06 1.06L13.06 12l6.97 6.97a.75.75 0 11-1.06 1.06L12 13.06l-6.97 6.97a.75.75 0 01-1.06-1.06L10.94 12 3.97 5.03a.75.75 0 010-1.06z"
        fill-rule="evenodd"
      />
    </svg>
     
    At least 8 characters long
  </div>
  <div
    class="validator match"
  >
    <svg
      aria-hidden="true"
      class="icon check"
      fill="currentColor"
      viewBox="0 0 24 24"
      xmlns="http://www.w3.org/2000/svg"
    >
      <path
        clip-rule="evenodd"
        d="M21.545 3.627a.75.75 0 01-.03 1.06 47.349 47.349 0 00-11.04 15.89.75.75 0 01-1.22.238L2.47 14.03a.75.75 0 111.06-1.06l6.008 6.007A48.87 48.87 0 0120.484 3.598a.75.75 0 011.06.029z"
        fill-rule="evenodd"
      />
    </svg>
     
    At least 1 lowercase letter
  </div>
  <div
    class="validator no-match"
  >
    <svg
      aria-hidden="true"
      class="icon x"
      fill="currentColor"
      viewBox="0 0 24 24"
      xmlns="http://www.w3.org/2000/svg"
    >
      <path
        clip-rule="evenodd"
        d="M3.97 3.97a.75.75 0 011.06 0L12 10.94l6.97-6.97a.75.75 0 111.06 1.06L13.06 12l6.97 6.97a.75.75 0 11-1.06 1.06L12 13.06l-6.97 6.97a.75.75 0 01-1.06-1.06L10.94 12 3.97 5.03a.75.75 0 010-1.06z"
        fill-rule="evenodd"
      />
    </svg>
     
    At least 1 uppercase letter
  </div>
  <div
    class="validator no-match"
  >
    <svg
      aria-hidden="true"
      class="icon x"
      fill="currentColor"
      viewBox="0 0 24 24"
      xmlns="http://www.w3.org/2000/svg"
    >
      <path
        clip-rule="evenodd"
        d="M3.97 3.97a.75.75 0 011.06 0L12 10.94l6.97-6.97a.75.75 0 111.06 1.06L13.06 12l6.97 6.97a.75.75 0 11-1.06 1.06L12 13.06l-6.97 6.97a.75.75 0 01-1.06-1.06L10.94 12 3.97 5.03a.75.75 0 010-1.06z"
        fill-rule="evenodd"
      />
    </svg>
     
    At least 1 number
  </div>
  <div
    class="validator no-match"
  >
    <svg
      aria-hidden="true"
      class="icon x"
      fill="currentColor"
      viewBox="0 0 24 24"
      xmlns="http://www.w3.org/2000/svg"
    >
      <path
        clip-rule="evenodd"
        d="M3.97 3.97a.75.75 0 011.06 0L12 10.94l6.97-6.97a.75.75 0 111.06 1.06L13.06 12l6.97 6.97a.75.75 0 11-1.06 1.06L12 13.06l-6.97 6.97a.75.75 0 01-1.06-1.06L10.94 12 3.97 5.03a.75.75 0 010-1.06z"
        fill-rule="evenodd"
      />
    </svg>
     
    At least 1 special character
  </div>
</div>
`;

exports[`renders correctly 4`] = `
<div
  class="container"
  data-testid="container"
>
  <div
    class="validator no-match"
  >
    <svg
      aria-hidden="true"
      class="icon x"
      fill="currentColor"
      viewBox="0 0 24 24"
      xmlns="http://www.w3.org/2000/svg"
    >
      <path
        clip-rule="evenodd"
        d="M3.97 3.97a.75.75 0 011.06 0L12 10.94l6.97-6.97a.75.75 0 111.06 1.06L13.06 12l6.97 6.97a.75.75 0 11-1.06 1.06L12 13.06l-6.97 6.97a.75.75 0 01-1.06-1.06L10.94 12 3.97 5.03a.75.75 0 010-1.06z"
        fill-rule="evenodd"
      />
    </svg>
     
    At least 8 characters long
  </div>
  <div
    class="validator no-match"
  >
    <svg
      aria-hidden="true"
      class="icon x"
      fill="currentColor"
      viewBox="0 0 24 24"
      xmlns="http://www.w3.org/2000/svg"
    >
      <path
        clip-rule="evenodd"
        d="M3.97 3.97a.75.75 0 011.06 0L12 10.94l6.97-6.97a.75.75 0 111.06 1.06L13.06 12l6.97 6.97a.75.75 0 11-1.06 1.06L12 13.06l-6.97 6.97a.75.75 0 01-1.06-1.06L10.94 12 3.97 5.03a.75.75 0 010-1.06z"
        fill-rule="evenodd"
      />
    </svg>
     
    At least 1 lowercase letter
  </div>
  <div
    class="validator match"
  >
    <svg
      aria-hidden="true"
      class="icon check"
      fill="currentColor"
      viewBox="0 0 24 24"
      xmlns="http://www.w3.org/2000/svg"
    >
      <path
        clip-rule="evenodd"
        d="M21.545 3.627a.75.75 0 01-.03 1.06 47.349 47.349 0 00-11.04 15.89.75.75 0 01-1.22.238L2.47 14.03a.75.75 0 111.06-1.06l6.008 6.007A48.87 48.87 0 0120.484 3.598a.75.75 0 011.06.029z"
        fill-rule="evenodd"
      />
    </svg>
     
    At least 1 uppercase letter
  </div>
  <div
    class="validator no-match"
  >
    <svg
      aria-hidden="true"
      class="icon x"
      fill="currentColor"
      viewBox="0 0 24 24"
      xmlns="http://www.w3.org/2000/svg"
    >
      <path
        clip-rule="evenodd"
        d="M3.97 3.97a.75.75 0 011.06 0L12 10.94l6.97-6.97a.75.75 0 111.06 1.06L13.06 12l6.97 6.97a.75.75 0 11-1.06 1.06L12 13.06l-6.97 6.97a.75.75 0 01-1.06-1.06L10.94 12 3.97 5.03a.75.75 0 010-1.06z"
        fill-rule="evenodd"
      />
    </svg>
     
    At least 1 number
  </div>
  <div
    class="validator no-match"
  >
    <svg
      aria-hidden="true"
      class="icon x"
      fill="currentColor"
      viewBox="0 0 24 24"
      xmlns="http://www.w3.org/2000/svg"
    >
      <path
        clip-rule="evenodd"
        d="M3.97 3.97a.75.75 0 011.06 0L12 10.94l6.97-6.97a.75.75 0 111.06 1.06L13.06 12l6.97 6.97a.75.75 0 11-1.06 1.06L12 13.06l-6.97 6.97a.75.75 0 01-1.06-1.06L10.94 12 3.97 5.03a.75.75 0 010-1.06z"
        fill-rule="evenodd"
      />
    </svg>
     
    At least 1 special character
  </div>
</div>
`;

exports[`renders correctly 5`] = `
<div
  class="container"
  data-testid="container"
>
  <div
    class="validator match"
  >
    <svg
      aria-hidden="true"
      class="icon check"
      fill="currentColor"
      viewBox="0 0 24 24"
      xmlns="http://www.w3.org/2000/svg"
    >
      <path
        clip-rule="evenodd"
        d="M21.545 3.627a.75.75 0 01-.03 1.06 47.349 47.349 0 00-11.04 15.89.75.75 0 01-1.22.238L2.47 14.03a.75.75 0 111.06-1.06l6.008 6.007A48.87 48.87 0 0120.484 3.598a.75.75 0 011.06.029z"
        fill-rule="evenodd"
      />
    </svg>
     
    At least 8 characters long
  </div>
  <div
    class="validator match"
  >
    <svg
      aria-hidden="true"
      class="icon check"
      fill="currentColor"
      viewBox="0 0 24 24"
      xmlns="http://www.w3.org/2000/svg"
    >
      <path
        clip-rule="evenodd"
        d="M21.545 3.627a.75.75 0 01-.03 1.06 47.349 47.349 0 00-11.04 15.89.75.75 0 01-1.22.238L2.47 14.03a.75.75 0 111.06-1.06l6.008 6.007A48.87 48.87 0 0120.484 3.598a.75.75 0 011.06.029z"
        fill-rule="evenodd"
      />
    </svg>
     
    At least 1 lowercase letter
  </div>
  <div
    class="validator no-match"
  >
    <svg
      aria-hidden="true"
      class="icon x"
      fill="currentColor"
      viewBox="0 0 24 24"
      xmlns="http://www.w3.org/2000/svg"
    >
      <path
        clip-rule="evenodd"
        d="M3.97 3.97a.75.75 0 011.06 0L12 10.94l6.97-6.97a.75.75 0 111.06 1.06L13.06 12l6.97 6.97a.75.75 0 11-1.06 1.06L12 13.06l-6.97 6.97a.75.75 0 01-1.06-1.06L10.94 12 3.97 5.03a.75.75 0 010-1.06z"
        fill-rule="evenodd"
      />
    </svg>
     
    At least 1 uppercase letter
  </div>
  <div
    class="validator match"
  >
    <svg
      aria-hidden="true"
      class="icon check"
      fill="currentColor"
      viewBox="0 0 24 24"
      xmlns="http://www.w3.org/2000/svg"
    >
      <path
        clip-rule="evenodd"
        d="M21.545 3.627a.75.75 0 01-.03 1.06 47.349 47.349 0 00-11.04 15.89.75.75 0 01-1.22.238L2.47 14.03a.75.75 0 111.06-1.06l6.008 6.007A48.87 48.87 0 0120.484 3.598a.75.75 0 011.06.029z"
        fill-rule="evenodd"
      />
    </svg>
     
    At least 1 number
  </div>
  <div
    class="validator no-match"
  >
    <svg
      aria-hidden="true"
      class="icon x"
      fill="currentColor"
      viewBox="0 0 24 24"
      xmlns="http://www.w3.org/2000/svg"
    >
      <path
        clip-rule="evenodd"
        d="M3.97 3.97a.75.75 0 011.06 0L12 10.94l6.97-6.97a.75.75 0 111.06 1.06L13.06 12l6.97 6.97a.75.75 0 11-1.06 1.06L12 13.06l-6.97 6.97a.75.75 0 01-1.06-1.06L10.94 12 3.97 5.03a.75.75 0 010-1.06z"
        fill-rule="evenodd"
      />
    </svg>
     
    At least 1 special character
  </div>
</div>
`;

exports[`renders correctly 6`] = `
<div
  class="container"
  data-testid="container"
>
  <div
    class="validator no-match"
  >
    <svg
      aria-hidden="true"
      class="icon x"
      fill="currentColor"
      viewBox="0 0 24 24"
      xmlns="http://www.w3.org/2000/svg"
    >
      <path
        clip-rule="evenodd"
        d="M3.97 3.97a.75.75 0 011.06 0L12 10.94l6.97-6.97a.75.75 0 111.06 1.06L13.06 12l6.97 6.97a.75.75 0 11-1.06 1.06L12 13.06l-6.97 6.97a.75.75 0 01-1.06-1.06L10.94 12 3.97 5.03a.75.75 0 010-1.06z"
        fill-rule="evenodd"
      />
    </svg>
     
    At least 8 characters long
  </div>
  <div
    class="validator no-match"
  >
    <svg
      aria-hidden="true"
      class="icon x"
      fill="currentColor"
      viewBox="0 0 24 24"
      xmlns="http://www.w3.org/2000/svg"
    >
      <path
        clip-rule="evenodd"
        d="M3.97 3.97a.75.75 0 011.06 0L12 10.94l6.97-6.97a.75.75 0 111.06 1.06L13.06 12l6.97 6.97a.75.75 0 11-1.06 1.06L12 13.06l-6.97 6.97a.75.75 0 01-1.06-1.06L10.94 12 3.97 5.03a.75.75 0 010-1.06z"
        fill-rule="evenodd"
      />
    </svg>
     
    At least 1 lowercase letter
  </div>
  <div
    class="validator no-match"
  >
    <svg
      aria-hidden="true"
      class="icon x"
      fill="currentColor"
      viewBox="0 0 24 24"
      xmlns="http://www.w3.org/2000/svg"
    >
      <path
        clip-rule="evenodd"
        d="M3.97 3.97a.75.75 0 011.06 0L12 10.94l6.97-6.97a.75.75 0 111.06 1.06L13.06 12l6.97 6.97a.75.75 0 11-1.06 1.06L12 13.06l-6.97 6.97a.75.75 0 01-1.06-1.06L10.94 12 3.97 5.03a.75.75 0 010-1.06z"
        fill-rule="evenodd"
      />
    </svg>
     
    At least 1 uppercase letter
  </div>
  <div
    class="validator match"
  >
    <svg
      aria-hidden="true"
      class="icon check"
      fill="currentColor"
      viewBox="0 0 24 24"
      xmlns="http://www.w3.org/2000/svg"
    >
      <path
        clip-rule="evenodd"
        d="M21.545 3.627a.75.75 0 01-.03 1.06 47.349 47.349 0 00-11.04 15.89.75.75 0 01-1.22.238L2.47 14.03a.75.75 0 111.06-1.06l6.008 6.007A48.87 48.87 0 0120.484 3.598a.75.75 0 011.06.029z"
        fill-rule="evenodd"
      />
    </svg>
     
    At least 1 number
  </div>
  <div
    class="validator no-match"
  >
    <svg
      aria-hidden="true"
      class="icon x"
      fill="currentColor"
      viewBox="0 0 24 24"
      xmlns="http://www.w3.org/2000/svg"
    >
      <path
        clip-rule="evenodd"
        d="M3.97 3.97a.75.75 0 011.06 0L12 10.94l6.97-6.97a.75.75 0 111.06 1.06L13.06 12l6.97 6.97a.75.75 0 11-1.06 1.06L12 13.06l-6.97 6.97a.75.75 0 01-1.06-1.06L10.94 12 3.97 5.03a.75.75 0 010-1.06z"
        fill-rule="evenodd"
      />
    </svg>
     
    At least 1 special character
  </div>
</div>
`;

exports[`renders correctly 7`] = `
<div
  class="container"
  data-testid="container"
>
  <div
    class="validator no-match"
  >
    <svg
      aria-hidden="true"
      class="icon x"
      fill="currentColor"
      viewBox="0 0 24 24"
      xmlns="http://www.w3.org/2000/svg"
    >
      <path
        clip-rule="evenodd"
        d="M3.97 3.97a.75.75 0 011.06 0L12 10.94l6.97-6.97a.75.75 0 111.06 1.06L13.06 12l6.97 6.97a.75.75 0 11-1.06 1.06L12 13.06l-6.97 6.97a.75.75 0 01-1.06-1.06L10.94 12 3.97 5.03a.75.75 0 010-1.06z"
        fill-rule="evenodd"
      />
    </svg>
     
    At least 8 characters long
  </div>
  <div
    class="validator no-match"
  >
    <svg
      aria-hidden="true"
      class="icon x"
      fill="currentColor"
      viewBox="0 0 24 24"
      xmlns="http://www.w3.org/2000/svg"
    >
      <path
        clip-rule="evenodd"
        d="M3.97 3.97a.75.75 0 011.06 0L12 10.94l6.97-6.97a.75.75 0 111.06 1.06L13.06 12l6.97 6.97a.75.75 0 11-1.06 1.06L12 13.06l-6.97 6.97a.75.75 0 01-1.06-1.06L10.94 12 3.97 5.03a.75.75 0 010-1.06z"
        fill-rule="evenodd"
      />
    </svg>
     
    At least 1 lowercase letter
  </div>
  <div
    class="validator no-match"
  >
    <svg
      aria-hidden="true"
      class="icon x"
      fill="currentColor"
      viewBox="0 0 24 24"
      xmlns="http://www.w3.org/2000/svg"
    >
      <path
        clip-rule="evenodd"
        d="M3.97 3.97a.75.75 0 011.06 0L12 10.94l6.97-6.97a.75.75 0 111.06 1.06L13.06 12l6.97 6.97a.75.75 0 11-1.06 1.06L12 13.06l-6.97 6.97a.75.75 0 01-1.06-1.06L10.94 12 3.97 5.03a.75.75 0 010-1.06z"
        fill-rule="evenodd"
      />
    </svg>
     
    At least 1 uppercase letter
  </div>
  <div
    class="validator no-match"
  >
    <svg
      aria-hidden="true"
      class="icon x"
      fill="currentColor"
      viewBox="0 0 24 24"
      xmlns="http://www.w3.org/2000/svg"
    >
      <path
        clip-rule="evenodd"
        d="M3.97 3.97a.75.75 0 011.06 0L12 10.94l6.97-6.97a.75.75 0 111.06 1.06L13.06 12l6.97 6.97a.75.75 0 11-1.06 1.06L12 13.06l-6.97 6.97a.75.75 0 01-1.06-1.06L10.94 12 3.97 5.03a.75.75 0 010-1.06z"
        fill-rule="evenodd"
      />
    </svg>
     
    At least 1 number
  </div>
  <div
    class="validator match"
  >
    <svg
      aria-hidden="true"
      class="icon check"
      fill="currentColor"
      viewBox="0 0 24 24"
      xmlns="http://www.w3.org/2000/svg"
    >
      <path
        clip-rule="evenodd"
        d="M21.545 3.627a.75.75 0 01-.03 1.06 47.349 47.349 0 00-11.04 15.89.75.75 0 01-1.22.238L2.47 14.03a.75.75 0 111.06-1.06l6.008 6.007A48.87 48.87 0 0120.484 3.598a.75.75 0 011.06.029z"
        fill-rule="evenodd"
      />
    </svg>
     
    At least 1 special character
  </div>
</div>
`;

exports[`renders correctly 8`] = `
<div
  class="container"
  data-testid="container"
>
  <div
    class="validator match"
  >
    <svg
      aria-hidden="true"
      class="icon check"
      fill="currentColor"
      viewBox="0 0 24 24"
      xmlns="http://www.w3.org/2000/svg"
    >
      <path
        clip-rule="evenodd"
        d="M21.545 3.627a.75.75 0 01-.03 1.06 47.349 47.349 0 00-11.04 15.89.75.75 0 01-1.22.238L2.47 14.03a.75.75 0 111.06-1.06l6.008 6.007A48.87 48.87 0 0120.484 3.598a.75.75 0 011.06.029z"
        fill-rule="evenodd"
      />
    </svg>
     
    At least 8 characters long
  </div>
  <div
    class="validator match"
  >
    <svg
      aria-hidden="true"
      class="icon check"
      fill="currentColor"
      viewBox="0 0 24 24"
      xmlns="http://www.w3.org/2000/svg"
    >
      <path
        clip-rule="evenodd"
        d="M21.545 3.627a.75.75 0 01-.03 1.06 47.349 47.349 0 00-11.04 15.89.75.75 0 01-1.22.238L2.47 14.03a.75.75 0 111.06-1.06l6.008 6.007A48.87 48.87 0 0120.484 3.598a.75.75 0 011.06.029z"
        fill-rule="evenodd"
      />
    </svg>
     
    At least 1 lowercase letter
  </div>
  <div
    class="validator match"
  >
    <svg
      aria-hidden="true"
      class="icon check"
      fill="currentColor"
      viewBox="0 0 24 24"
      xmlns="http://www.w3.org/2000/svg"
    >
      <path
        clip-rule="evenodd"
        d="M21.545 3.627a.75.75 0 01-.03 1.06 47.349 47.349 0 00-11.04 15.89.75.75 0 01-1.22.238L2.47 14.03a.75.75 0 111.06-1.06l6.008 6.007A48.87 48.87 0 0120.484 3.598a.75.75 0 011.06.029z"
        fill-rule="evenodd"
      />
    </svg>
     
    At least 1 uppercase letter
  </div>
  <div
    class="validator match"
  >
    <svg
      aria-hidden="true"
      class="icon check"
      fill="currentColor"
      viewBox="0 0 24 24"
      xmlns="http://www.w3.org/2000/svg"
    >
      <path
        clip-rule="evenodd"
        d="M21.545 3.627a.75.75 0 01-.03 1.06 47.349 47.349 0 00-11.04 15.89.75.75 0 01-1.22.238L2.47 14.03a.75.75 0 111.06-1.06l6.008 6.007A48.87 48.87 0 0120.484 3.598a.75.75 0 011.06.029z"
        fill-rule="evenodd"
      />
    </svg>
     
    At least 1 number
  </div>
  <div
    class="validator match"
  >
    <svg
      aria-hidden="true"
      class="icon check"
      fill="currentColor"
      viewBox="0 0 24 24"
      xmlns="http://www.w3.org/2000/svg"
    >
      <path
        clip-rule="evenodd"
        d="M21.545 3.627a.75.75 0 01-.03 1.06 47.349 47.349 0 00-11.04 15.89.75.75 0 01-1.22.238L2.47 14.03a.75.75 0 111.06-1.06l6.008 6.007A48.87 48.87 0 0120.484 3.598a.75.75 0 011.06.029z"
        fill-rule="evenodd"
      />
    </svg>
     
    At least 1 special character
  </div>
</div>
`;
