// Jest Snapshot v1, https://goo.gl/fbAQLP

exports[`renders correctly 1`] = `
<div
  class="container"
  data-testid="container"
>
  <div
    class="validator no-match"
  >
    <svg
      aria-hidden="true"
      class="icon x"
      fill="currentColor"
      viewBox="0 0 24 24"
      xmlns="http://www.w3.org/2000/svg"
    >
      <path
        clip-rule="evenodd"
        d="M5.47 5.47a.75.75 0 011.06 0L12 10.94l5.47-5.47a.75.75 0 111.06 1.06L13.06 12l5.47 5.47a.75.75 0 11-1.06 1.06L12 13.06l-5.47 5.47a.75.75 0 01-1.06-1.06L10.94 12 5.47 6.53a.75.75 0 010-1.06z"
        fill-rule="evenodd"
      />
    </svg>
     
    At least 8 characters long
  </div>
  <div
    class="validator no-match"
  >
    <svg
      aria-hidden="true"
      class="icon x"
      fill="currentColor"
      viewBox="0 0 24 24"
      xmlns="http://www.w3.org/2000/svg"
    >
      <path
        clip-rule="evenodd"
        d="M5.47 5.47a.75.75 0 011.06 0L12 10.94l5.47-5.47a.75.75 0 111.06 1.06L13.06 12l5.47 5.47a.75.75 0 11-1.06 1.06L12 13.06l-5.47 5.47a.75.75 0 01-1.06-1.06L10.94 12 5.47 6.53a.75.75 0 010-1.06z"
        fill-rule="evenodd"
      />
    </svg>
     
    At least 1 lowercase letter
  </div>
  <div
    class="validator no-match"
  >
    <svg
      aria-hidden="true"
      class="icon x"
      fill="currentColor"
      viewBox="0 0 24 24"
      xmlns="http://www.w3.org/2000/svg"
    >
      <path
        clip-rule="evenodd"
        d="M5.47 5.47a.75.75 0 011.06 0L12 10.94l5.47-5.47a.75.75 0 111.06 1.06L13.06 12l5.47 5.47a.75.75 0 11-1.06 1.06L12 13.06l-5.47 5.47a.75.75 0 01-1.06-1.06L10.94 12 5.47 6.53a.75.75 0 010-1.06z"
        fill-rule="evenodd"
      />
    </svg>
     
    At least 1 uppercase letter
  </div>
  <div
    class="validator no-match"
  >
    <svg
      aria-hidden="true"
      class="icon x"
      fill="currentColor"
      viewBox="0 0 24 24"
      xmlns="http://www.w3.org/2000/svg"
    >
      <path
        clip-rule="evenodd"
        d="M5.47 5.47a.75.75 0 011.06 0L12 10.94l5.47-5.47a.75.75 0 111.06 1.06L13.06 12l5.47 5.47a.75.75 0 11-1.06 1.06L12 13.06l-5.47 5.47a.75.75 0 01-1.06-1.06L10.94 12 5.47 6.53a.75.75 0 010-1.06z"
        fill-rule="evenodd"
      />
    </svg>
     
    At least 1 number
  </div>
  <div
    class="validator no-match"
  >
    <svg
      aria-hidden="true"
      class="icon x"
      fill="currentColor"
      viewBox="0 0 24 24"
      xmlns="http://www.w3.org/2000/svg"
    >
      <path
        clip-rule="evenodd"
        d="M5.47 5.47a.75.75 0 011.06 0L12 10.94l5.47-5.47a.75.75 0 111.06 1.06L13.06 12l5.47 5.47a.75.75 0 11-1.06 1.06L12 13.06l-5.47 5.47a.75.75 0 01-1.06-1.06L10.94 12 5.47 6.53a.75.75 0 010-1.06z"
        fill-rule="evenodd"
      />
    </svg>
     
    At least 1 special character
  </div>
</div>
`;

exports[`renders correctly 2`] = `
<div
  class="container"
  data-testid="container"
>
  <div
    class="validator no-match"
  >
    <svg
      aria-hidden="true"
      class="icon x"
      fill="currentColor"
      viewBox="0 0 24 24"
      xmlns="http://www.w3.org/2000/svg"
    >
      <path
        clip-rule="evenodd"
        d="M5.47 5.47a.75.75 0 011.06 0L12 10.94l5.47-5.47a.75.75 0 111.06 1.06L13.06 12l5.47 5.47a.75.75 0 11-1.06 1.06L12 13.06l-5.47 5.47a.75.75 0 01-1.06-1.06L10.94 12 5.47 6.53a.75.75 0 010-1.06z"
        fill-rule="evenodd"
      />
    </svg>
     
    At least 8 characters long
  </div>
  <div
    class="validator no-match"
  >
    <svg
      aria-hidden="true"
      class="icon x"
      fill="currentColor"
      viewBox="0 0 24 24"
      xmlns="http://www.w3.org/2000/svg"
    >
      <path
        clip-rule="evenodd"
        d="M5.47 5.47a.75.75 0 011.06 0L12 10.94l5.47-5.47a.75.75 0 111.06 1.06L13.06 12l5.47 5.47a.75.75 0 11-1.06 1.06L12 13.06l-5.47 5.47a.75.75 0 01-1.06-1.06L10.94 12 5.47 6.53a.75.75 0 010-1.06z"
        fill-rule="evenodd"
      />
    </svg>
     
    At least 1 lowercase letter
  </div>
  <div
    class="validator no-match"
  >
    <svg
      aria-hidden="true"
      class="icon x"
      fill="currentColor"
      viewBox="0 0 24 24"
      xmlns="http://www.w3.org/2000/svg"
    >
      <path
        clip-rule="evenodd"
        d="M5.47 5.47a.75.75 0 011.06 0L12 10.94l5.47-5.47a.75.75 0 111.06 1.06L13.06 12l5.47 5.47a.75.75 0 11-1.06 1.06L12 13.06l-5.47 5.47a.75.75 0 01-1.06-1.06L10.94 12 5.47 6.53a.75.75 0 010-1.06z"
        fill-rule="evenodd"
      />
    </svg>
     
    At least 1 uppercase letter
  </div>
  <div
    class="validator no-match"
  >
    <svg
      aria-hidden="true"
      class="icon x"
      fill="currentColor"
      viewBox="0 0 24 24"
      xmlns="http://www.w3.org/2000/svg"
    >
      <path
        clip-rule="evenodd"
        d="M5.47 5.47a.75.75 0 011.06 0L12 10.94l5.47-5.47a.75.75 0 111.06 1.06L13.06 12l5.47 5.47a.75.75 0 11-1.06 1.06L12 13.06l-5.47 5.47a.75.75 0 01-1.06-1.06L10.94 12 5.47 6.53a.75.75 0 010-1.06z"
        fill-rule="evenodd"
      />
    </svg>
     
    At least 1 number
  </div>
  <div
    class="validator no-match"
  >
    <svg
      aria-hidden="true"
      class="icon x"
      fill="currentColor"
      viewBox="0 0 24 24"
      xmlns="http://www.w3.org/2000/svg"
    >
      <path
        clip-rule="evenodd"
        d="M5.47 5.47a.75.75 0 011.06 0L12 10.94l5.47-5.47a.75.75 0 111.06 1.06L13.06 12l5.47 5.47a.75.75 0 11-1.06 1.06L12 13.06l-5.47 5.47a.75.75 0 01-1.06-1.06L10.94 12 5.47 6.53a.75.75 0 010-1.06z"
        fill-rule="evenodd"
      />
    </svg>
     
    At least 1 special character
  </div>
</div>
`;

exports[`renders correctly 3`] = `
<div
  class="container"
  data-testid="container"
>
  <div
    class="validator no-match"
  >
    <svg
      aria-hidden="true"
      class="icon x"
      fill="currentColor"
      viewBox="0 0 24 24"
      xmlns="http://www.w3.org/2000/svg"
    >
      <path
        clip-rule="evenodd"
        d="M5.47 5.47a.75.75 0 011.06 0L12 10.94l5.47-5.47a.75.75 0 111.06 1.06L13.06 12l5.47 5.47a.75.75 0 11-1.06 1.06L12 13.06l-5.47 5.47a.75.75 0 01-1.06-1.06L10.94 12 5.47 6.53a.75.75 0 010-1.06z"
        fill-rule="evenodd"
      />
    </svg>
     
    At least 8 characters long
  </div>
  <div
    class="validator match"
  >
    <svg
      aria-hidden="true"
      class="icon check"
      fill="currentColor"
      viewBox="0 0 24 24"
      xmlns="http://www.w3.org/2000/svg"
    >
      <path
        clip-rule="evenodd"
        d="M19.916 4.626a.75.75 0 01.208 1.04l-9 13.5a.75.75 0 01-1.154.114l-6-6a.75.75 0 011.06-1.06l5.353 5.353 8.493-12.739a.75.75 0 011.04-.208z"
        fill-rule="evenodd"
      />
    </svg>
     
    At least 1 lowercase letter
  </div>
  <div
    class="validator no-match"
  >
    <svg
      aria-hidden="true"
      class="icon x"
      fill="currentColor"
      viewBox="0 0 24 24"
      xmlns="http://www.w3.org/2000/svg"
    >
      <path
        clip-rule="evenodd"
        d="M5.47 5.47a.75.75 0 011.06 0L12 10.94l5.47-5.47a.75.75 0 111.06 1.06L13.06 12l5.47 5.47a.75.75 0 11-1.06 1.06L12 13.06l-5.47 5.47a.75.75 0 01-1.06-1.06L10.94 12 5.47 6.53a.75.75 0 010-1.06z"
        fill-rule="evenodd"
      />
    </svg>
     
    At least 1 uppercase letter
  </div>
  <div
    class="validator no-match"
  >
    <svg
      aria-hidden="true"
      class="icon x"
      fill="currentColor"
      viewBox="0 0 24 24"
      xmlns="http://www.w3.org/2000/svg"
    >
      <path
        clip-rule="evenodd"
        d="M5.47 5.47a.75.75 0 011.06 0L12 10.94l5.47-5.47a.75.75 0 111.06 1.06L13.06 12l5.47 5.47a.75.75 0 11-1.06 1.06L12 13.06l-5.47 5.47a.75.75 0 01-1.06-1.06L10.94 12 5.47 6.53a.75.75 0 010-1.06z"
        fill-rule="evenodd"
      />
    </svg>
     
    At least 1 number
  </div>
  <div
    class="validator no-match"
  >
    <svg
      aria-hidden="true"
      class="icon x"
      fill="currentColor"
      viewBox="0 0 24 24"
      xmlns="http://www.w3.org/2000/svg"
    >
      <path
        clip-rule="evenodd"
        d="M5.47 5.47a.75.75 0 011.06 0L12 10.94l5.47-5.47a.75.75 0 111.06 1.06L13.06 12l5.47 5.47a.75.75 0 11-1.06 1.06L12 13.06l-5.47 5.47a.75.75 0 01-1.06-1.06L10.94 12 5.47 6.53a.75.75 0 010-1.06z"
        fill-rule="evenodd"
      />
    </svg>
     
    At least 1 special character
  </div>
</div>
`;

exports[`renders correctly 4`] = `
<div
  class="container"
  data-testid="container"
>
  <div
    class="validator no-match"
  >
    <svg
      aria-hidden="true"
      class="icon x"
      fill="currentColor"
      viewBox="0 0 24 24"
      xmlns="http://www.w3.org/2000/svg"
    >
      <path
        clip-rule="evenodd"
        d="M5.47 5.47a.75.75 0 011.06 0L12 10.94l5.47-5.47a.75.75 0 111.06 1.06L13.06 12l5.47 5.47a.75.75 0 11-1.06 1.06L12 13.06l-5.47 5.47a.75.75 0 01-1.06-1.06L10.94 12 5.47 6.53a.75.75 0 010-1.06z"
        fill-rule="evenodd"
      />
    </svg>
     
    At least 8 characters long
  </div>
  <div
    class="validator no-match"
  >
    <svg
      aria-hidden="true"
      class="icon x"
      fill="currentColor"
      viewBox="0 0 24 24"
      xmlns="http://www.w3.org/2000/svg"
    >
      <path
        clip-rule="evenodd"
        d="M5.47 5.47a.75.75 0 011.06 0L12 10.94l5.47-5.47a.75.75 0 111.06 1.06L13.06 12l5.47 5.47a.75.75 0 11-1.06 1.06L12 13.06l-5.47 5.47a.75.75 0 01-1.06-1.06L10.94 12 5.47 6.53a.75.75 0 010-1.06z"
        fill-rule="evenodd"
      />
    </svg>
     
    At least 1 lowercase letter
  </div>
  <div
    class="validator match"
  >
    <svg
      aria-hidden="true"
      class="icon check"
      fill="currentColor"
      viewBox="0 0 24 24"
      xmlns="http://www.w3.org/2000/svg"
    >
      <path
        clip-rule="evenodd"
        d="M19.916 4.626a.75.75 0 01.208 1.04l-9 13.5a.75.75 0 01-1.154.114l-6-6a.75.75 0 011.06-1.06l5.353 5.353 8.493-12.739a.75.75 0 011.04-.208z"
        fill-rule="evenodd"
      />
    </svg>
     
    At least 1 uppercase letter
  </div>
  <div
    class="validator no-match"
  >
    <svg
      aria-hidden="true"
      class="icon x"
      fill="currentColor"
      viewBox="0 0 24 24"
      xmlns="http://www.w3.org/2000/svg"
    >
      <path
        clip-rule="evenodd"
        d="M5.47 5.47a.75.75 0 011.06 0L12 10.94l5.47-5.47a.75.75 0 111.06 1.06L13.06 12l5.47 5.47a.75.75 0 11-1.06 1.06L12 13.06l-5.47 5.47a.75.75 0 01-1.06-1.06L10.94 12 5.47 6.53a.75.75 0 010-1.06z"
        fill-rule="evenodd"
      />
    </svg>
     
    At least 1 number
  </div>
  <div
    class="validator no-match"
  >
    <svg
      aria-hidden="true"
      class="icon x"
      fill="currentColor"
      viewBox="0 0 24 24"
      xmlns="http://www.w3.org/2000/svg"
    >
      <path
        clip-rule="evenodd"
        d="M5.47 5.47a.75.75 0 011.06 0L12 10.94l5.47-5.47a.75.75 0 111.06 1.06L13.06 12l5.47 5.47a.75.75 0 11-1.06 1.06L12 13.06l-5.47 5.47a.75.75 0 01-1.06-1.06L10.94 12 5.47 6.53a.75.75 0 010-1.06z"
        fill-rule="evenodd"
      />
    </svg>
     
    At least 1 special character
  </div>
</div>
`;

exports[`renders correctly 5`] = `
<div
  class="container"
  data-testid="container"
>
  <div
    class="validator match"
  >
    <svg
      aria-hidden="true"
      class="icon check"
      fill="currentColor"
      viewBox="0 0 24 24"
      xmlns="http://www.w3.org/2000/svg"
    >
      <path
        clip-rule="evenodd"
        d="M19.916 4.626a.75.75 0 01.208 1.04l-9 13.5a.75.75 0 01-1.154.114l-6-6a.75.75 0 011.06-1.06l5.353 5.353 8.493-12.739a.75.75 0 011.04-.208z"
        fill-rule="evenodd"
      />
    </svg>
     
    At least 8 characters long
  </div>
  <div
    class="validator match"
  >
    <svg
      aria-hidden="true"
      class="icon check"
      fill="currentColor"
      viewBox="0 0 24 24"
      xmlns="http://www.w3.org/2000/svg"
    >
      <path
        clip-rule="evenodd"
        d="M19.916 4.626a.75.75 0 01.208 1.04l-9 13.5a.75.75 0 01-1.154.114l-6-6a.75.75 0 011.06-1.06l5.353 5.353 8.493-12.739a.75.75 0 011.04-.208z"
        fill-rule="evenodd"
      />
    </svg>
     
    At least 1 lowercase letter
  </div>
  <div
    class="validator no-match"
  >
    <svg
      aria-hidden="true"
      class="icon x"
      fill="currentColor"
      viewBox="0 0 24 24"
      xmlns="http://www.w3.org/2000/svg"
    >
      <path
        clip-rule="evenodd"
        d="M5.47 5.47a.75.75 0 011.06 0L12 10.94l5.47-5.47a.75.75 0 111.06 1.06L13.06 12l5.47 5.47a.75.75 0 11-1.06 1.06L12 13.06l-5.47 5.47a.75.75 0 01-1.06-1.06L10.94 12 5.47 6.53a.75.75 0 010-1.06z"
        fill-rule="evenodd"
      />
    </svg>
     
    At least 1 uppercase letter
  </div>
  <div
    class="validator match"
  >
    <svg
      aria-hidden="true"
      class="icon check"
      fill="currentColor"
      viewBox="0 0 24 24"
      xmlns="http://www.w3.org/2000/svg"
    >
      <path
        clip-rule="evenodd"
        d="M19.916 4.626a.75.75 0 01.208 1.04l-9 13.5a.75.75 0 01-1.154.114l-6-6a.75.75 0 011.06-1.06l5.353 5.353 8.493-12.739a.75.75 0 011.04-.208z"
        fill-rule="evenodd"
      />
    </svg>
     
    At least 1 number
  </div>
  <div
    class="validator no-match"
  >
    <svg
      aria-hidden="true"
      class="icon x"
      fill="currentColor"
      viewBox="0 0 24 24"
      xmlns="http://www.w3.org/2000/svg"
    >
      <path
        clip-rule="evenodd"
        d="M5.47 5.47a.75.75 0 011.06 0L12 10.94l5.47-5.47a.75.75 0 111.06 1.06L13.06 12l5.47 5.47a.75.75 0 11-1.06 1.06L12 13.06l-5.47 5.47a.75.75 0 01-1.06-1.06L10.94 12 5.47 6.53a.75.75 0 010-1.06z"
        fill-rule="evenodd"
      />
    </svg>
     
    At least 1 special character
  </div>
</div>
`;

exports[`renders correctly 6`] = `
<div
  class="container"
  data-testid="container"
>
  <div
    class="validator no-match"
  >
    <svg
      aria-hidden="true"
      class="icon x"
      fill="currentColor"
      viewBox="0 0 24 24"
      xmlns="http://www.w3.org/2000/svg"
    >
      <path
        clip-rule="evenodd"
        d="M5.47 5.47a.75.75 0 011.06 0L12 10.94l5.47-5.47a.75.75 0 111.06 1.06L13.06 12l5.47 5.47a.75.75 0 11-1.06 1.06L12 13.06l-5.47 5.47a.75.75 0 01-1.06-1.06L10.94 12 5.47 6.53a.75.75 0 010-1.06z"
        fill-rule="evenodd"
      />
    </svg>
     
    At least 8 characters long
  </div>
  <div
    class="validator no-match"
  >
    <svg
      aria-hidden="true"
      class="icon x"
      fill="currentColor"
      viewBox="0 0 24 24"
      xmlns="http://www.w3.org/2000/svg"
    >
      <path
        clip-rule="evenodd"
        d="M5.47 5.47a.75.75 0 011.06 0L12 10.94l5.47-5.47a.75.75 0 111.06 1.06L13.06 12l5.47 5.47a.75.75 0 11-1.06 1.06L12 13.06l-5.47 5.47a.75.75 0 01-1.06-1.06L10.94 12 5.47 6.53a.75.75 0 010-1.06z"
        fill-rule="evenodd"
      />
    </svg>
     
    At least 1 lowercase letter
  </div>
  <div
    class="validator no-match"
  >
    <svg
      aria-hidden="true"
      class="icon x"
      fill="currentColor"
      viewBox="0 0 24 24"
      xmlns="http://www.w3.org/2000/svg"
    >
      <path
        clip-rule="evenodd"
        d="M5.47 5.47a.75.75 0 011.06 0L12 10.94l5.47-5.47a.75.75 0 111.06 1.06L13.06 12l5.47 5.47a.75.75 0 11-1.06 1.06L12 13.06l-5.47 5.47a.75.75 0 01-1.06-1.06L10.94 12 5.47 6.53a.75.75 0 010-1.06z"
        fill-rule="evenodd"
      />
    </svg>
     
    At least 1 uppercase letter
  </div>
  <div
    class="validator match"
  >
    <svg
      aria-hidden="true"
      class="icon check"
      fill="currentColor"
      viewBox="0 0 24 24"
      xmlns="http://www.w3.org/2000/svg"
    >
      <path
        clip-rule="evenodd"
        d="M19.916 4.626a.75.75 0 01.208 1.04l-9 13.5a.75.75 0 01-1.154.114l-6-6a.75.75 0 011.06-1.06l5.353 5.353 8.493-12.739a.75.75 0 011.04-.208z"
        fill-rule="evenodd"
      />
    </svg>
     
    At least 1 number
  </div>
  <div
    class="validator no-match"
  >
    <svg
      aria-hidden="true"
      class="icon x"
      fill="currentColor"
      viewBox="0 0 24 24"
      xmlns="http://www.w3.org/2000/svg"
    >
      <path
        clip-rule="evenodd"
        d="M5.47 5.47a.75.75 0 011.06 0L12 10.94l5.47-5.47a.75.75 0 111.06 1.06L13.06 12l5.47 5.47a.75.75 0 11-1.06 1.06L12 13.06l-5.47 5.47a.75.75 0 01-1.06-1.06L10.94 12 5.47 6.53a.75.75 0 010-1.06z"
        fill-rule="evenodd"
      />
    </svg>
     
    At least 1 special character
  </div>
</div>
`;

exports[`renders correctly 7`] = `
<div
  class="container"
  data-testid="container"
>
  <div
    class="validator no-match"
  >
    <svg
      aria-hidden="true"
      class="icon x"
      fill="currentColor"
      viewBox="0 0 24 24"
      xmlns="http://www.w3.org/2000/svg"
    >
      <path
        clip-rule="evenodd"
        d="M5.47 5.47a.75.75 0 011.06 0L12 10.94l5.47-5.47a.75.75 0 111.06 1.06L13.06 12l5.47 5.47a.75.75 0 11-1.06 1.06L12 13.06l-5.47 5.47a.75.75 0 01-1.06-1.06L10.94 12 5.47 6.53a.75.75 0 010-1.06z"
        fill-rule="evenodd"
      />
    </svg>
     
    At least 8 characters long
  </div>
  <div
    class="validator no-match"
  >
    <svg
      aria-hidden="true"
      class="icon x"
      fill="currentColor"
      viewBox="0 0 24 24"
      xmlns="http://www.w3.org/2000/svg"
    >
      <path
        clip-rule="evenodd"
        d="M5.47 5.47a.75.75 0 011.06 0L12 10.94l5.47-5.47a.75.75 0 111.06 1.06L13.06 12l5.47 5.47a.75.75 0 11-1.06 1.06L12 13.06l-5.47 5.47a.75.75 0 01-1.06-1.06L10.94 12 5.47 6.53a.75.75 0 010-1.06z"
        fill-rule="evenodd"
      />
    </svg>
     
    At least 1 lowercase letter
  </div>
  <div
    class="validator no-match"
  >
    <svg
      aria-hidden="true"
      class="icon x"
      fill="currentColor"
      viewBox="0 0 24 24"
      xmlns="http://www.w3.org/2000/svg"
    >
      <path
        clip-rule="evenodd"
        d="M5.47 5.47a.75.75 0 011.06 0L12 10.94l5.47-5.47a.75.75 0 111.06 1.06L13.06 12l5.47 5.47a.75.75 0 11-1.06 1.06L12 13.06l-5.47 5.47a.75.75 0 01-1.06-1.06L10.94 12 5.47 6.53a.75.75 0 010-1.06z"
        fill-rule="evenodd"
      />
    </svg>
     
    At least 1 uppercase letter
  </div>
  <div
    class="validator no-match"
  >
    <svg
      aria-hidden="true"
      class="icon x"
      fill="currentColor"
      viewBox="0 0 24 24"
      xmlns="http://www.w3.org/2000/svg"
    >
      <path
        clip-rule="evenodd"
        d="M5.47 5.47a.75.75 0 011.06 0L12 10.94l5.47-5.47a.75.75 0 111.06 1.06L13.06 12l5.47 5.47a.75.75 0 11-1.06 1.06L12 13.06l-5.47 5.47a.75.75 0 01-1.06-1.06L10.94 12 5.47 6.53a.75.75 0 010-1.06z"
        fill-rule="evenodd"
      />
    </svg>
     
    At least 1 number
  </div>
  <div
    class="validator match"
  >
    <svg
      aria-hidden="true"
      class="icon check"
      fill="currentColor"
      viewBox="0 0 24 24"
      xmlns="http://www.w3.org/2000/svg"
    >
      <path
        clip-rule="evenodd"
        d="M19.916 4.626a.75.75 0 01.208 1.04l-9 13.5a.75.75 0 01-1.154.114l-6-6a.75.75 0 011.06-1.06l5.353 5.353 8.493-12.739a.75.75 0 011.04-.208z"
        fill-rule="evenodd"
      />
    </svg>
     
    At least 1 special character
  </div>
</div>
`;

exports[`renders correctly 8`] = `
<div
  class="container"
  data-testid="container"
>
  <div
    class="validator match"
  >
    <svg
      aria-hidden="true"
      class="icon check"
      fill="currentColor"
      viewBox="0 0 24 24"
      xmlns="http://www.w3.org/2000/svg"
    >
      <path
        clip-rule="evenodd"
        d="M19.916 4.626a.75.75 0 01.208 1.04l-9 13.5a.75.75 0 01-1.154.114l-6-6a.75.75 0 011.06-1.06l5.353 5.353 8.493-12.739a.75.75 0 011.04-.208z"
        fill-rule="evenodd"
      />
    </svg>
     
    At least 8 characters long
  </div>
  <div
    class="validator match"
  >
    <svg
      aria-hidden="true"
      class="icon check"
      fill="currentColor"
      viewBox="0 0 24 24"
      xmlns="http://www.w3.org/2000/svg"
    >
      <path
        clip-rule="evenodd"
        d="M19.916 4.626a.75.75 0 01.208 1.04l-9 13.5a.75.75 0 01-1.154.114l-6-6a.75.75 0 011.06-1.06l5.353 5.353 8.493-12.739a.75.75 0 011.04-.208z"
        fill-rule="evenodd"
      />
    </svg>
     
    At least 1 lowercase letter
  </div>
  <div
    class="validator match"
  >
    <svg
      aria-hidden="true"
      class="icon check"
      fill="currentColor"
      viewBox="0 0 24 24"
      xmlns="http://www.w3.org/2000/svg"
    >
      <path
        clip-rule="evenodd"
        d="M19.916 4.626a.75.75 0 01.208 1.04l-9 13.5a.75.75 0 01-1.154.114l-6-6a.75.75 0 011.06-1.06l5.353 5.353 8.493-12.739a.75.75 0 011.04-.208z"
        fill-rule="evenodd"
      />
    </svg>
     
    At least 1 uppercase letter
  </div>
  <div
    class="validator match"
  >
    <svg
      aria-hidden="true"
      class="icon check"
      fill="currentColor"
      viewBox="0 0 24 24"
      xmlns="http://www.w3.org/2000/svg"
    >
      <path
        clip-rule="evenodd"
        d="M19.916 4.626a.75.75 0 01.208 1.04l-9 13.5a.75.75 0 01-1.154.114l-6-6a.75.75 0 011.06-1.06l5.353 5.353 8.493-12.739a.75.75 0 011.04-.208z"
        fill-rule="evenodd"
      />
    </svg>
     
    At least 1 number
  </div>
  <div
    class="validator match"
  >
    <svg
      aria-hidden="true"
      class="icon check"
      fill="currentColor"
      viewBox="0 0 24 24"
      xmlns="http://www.w3.org/2000/svg"
    >
      <path
        clip-rule="evenodd"
        d="M19.916 4.626a.75.75 0 01.208 1.04l-9 13.5a.75.75 0 01-1.154.114l-6-6a.75.75 0 011.06-1.06l5.353 5.353 8.493-12.739a.75.75 0 011.04-.208z"
        fill-rule="evenodd"
      />
    </svg>
     
    At least 1 special character
  </div>
</div>
`;
